Component: ARM Compiler 5.06 update 6 (build 750) Tool: armlink [4d35ed]

==============================================================================

Section Cross References

    armn8lw.o(.text) refers to uarts.o(.text) for UartSetup
    armn8lw.o(.text) refers to gpiodef.o(.text) for GpioSetup
    armn8lw.o(.text) refers to stm32f0xx_rcc.o(.text) for RCC_APB2PeriphClockCmd
    armn8lw.o(.text) refers to stm32f0xx_dbgmcu.o(.text) for DBGMCU_Config
    armn8lw.o(.text) refers to tim.o(.text) for ComputeTimPrescaler
    armn8lw.o(.text) refers to armn8lw.o(i.__ARM_common_switch8) for __ARM_common_switch8
    armn8lw.o(.text) refers to uart2.o(.text) for Uart2StartReception
    armn8lw.o(.text) refers to armn8lw.o(.constdata) for .constdata
    armn8lw.o(.text) refers to armn8lw.o(.data) for .data
    averages.o(.text) refers to uidiv.o(.text) for __aeabi_uidivmod
    averages.o(.text) refers to dfltui.o(.text) for __aeabi_ui2d
    averages.o(.text) refers to ddiv.o(.text) for __aeabi_ddiv
    averages.o(.text) refers to dscalb.o(.text) for __ARM_scalbn
    averages.o(.text) refers to dadd.o(.text) for __aeabi_dadd
    averages.o(.text) refers to dfixui.o(.text) for __aeabi_d2uiz
    ccs811.o(.text) refers to gpiodef.o(.text) for GpioSetup
    ccs811.o(.text) refers to i2c2.o(.text) for I2C2StartWrite
    ccs811.o(.text) refers to hdc1080.o(.text) for HDC1080Hygr
    ccs811.o(.text) refers to f2d.o(.text) for __aeabi_f2d
    ccs811.o(.text) refers to dscalb.o(.text) for __ARM_scalbn
    ccs811.o(.text) refers to dfixui.o(.text) for __aeabi_d2uiz
    ccs811.o(.text) refers to dadd.o(.text) for __aeabi_dadd
    ccs811.o(.text) refers to ccs811.o(.data) for .data
    ccs811.o(.text) refers to ccs811.o(.constdata) for .constdata
    ccs811_firmware.o(.text) refers to gpiodef.o(.text) for GpioSetup
    ccs811_firmware.o(.text) refers to i2c2.o(.text) for I2C2StartWrite
    ccs811_firmware.o(.text) refers to time.o(.text) for WaitMs
    ccs811_firmware.o(.text) refers to ccs811_firmware.o(.data) for .data
    ccs811_firmware.o(.text) refers to ccs811_firmware.o(.constdata) for .constdata
    cfg.o(.text) refers to eep25aa.o(.text) for EepPageRead
    cfg.o(.text) refers to memcmp.o(.text) for memcmp
    cfg.o(.text) refers to cfg.o(.data) for .data
    cfg.o(.text) refers to cfg.o(.bss) for .bss
    colorsensor.o(.text) refers to i2c2.o(.text) for I2C2StartWrite
    colorsensor.o(.text) refers to filters.o(.text) for Filter
    colorsensor.o(.text) refers to uidiv.o(.text) for __aeabi_uidivmod
    colorsensor.o(.text) refers to memcpya.o(.text) for __aeabi_memcpy
    colorsensor.o(.text) refers to colorsensor.o(.constdata) for .constdata
    colorsensor.o(.text) refers to colorsensor.o(.data) for .data
    colorsensor.o(.text) refers to colorsensor.o(.bss) for .bss
    crc.o(.text) refers to crc.o(.data) for .data
    dbameter.o(.text) refers to memcpya.o(.text) for __aeabi_memcpy4
    dbameter.o(.text) refers to cfg.o(.text) for CfgCalibPointer
    dbameter.o(.text) refers to fadd.o(.text) for __aeabi_fadd
    dbameter.o(.text) refers to f2d.o(.text) for __aeabi_f2d
    dbameter.o(.text) refers to log.o(i.log) for log
    dbameter.o(.text) refers to dmul.o(.text) for __aeabi_dmul
    dbameter.o(.text) refers to dfixui.o(.text) for __aeabi_d2uiz
    dbameter.o(.text) refers to dfltui.o(.text) for __aeabi_ui2d
    dbameter.o(.text) refers to uidiv.o(.text) for __aeabi_uidivmod
    dbameter.o(.text) refers to ffltui.o(.text) for __aeabi_ui2f
    dbameter.o(.text) refers to gpiodef.o(.text) for OutputSet
    dbameter.o(.text) refers to arm_rfft_init_f32.o(.text) for arm_rfft_init_f32
    dbameter.o(.text) refers to flicker.o(.text) for TransferFlickerSmp
    dbameter.o(.text) refers to arm_rfft_f32.o(.text) for arm_rfft_f32
    dbameter.o(.text) refers to arm_cmplx_mag_f32.o(.text) for arm_cmplx_mag_f32
    dbameter.o(.text) refers to stm32f0xx_rcc.o(.text) for RCC_AHBPeriphClockCmd
    dbameter.o(.text) refers to stm32f0xx_dma.o(.text) for DMA_Init
    dbameter.o(.text) refers to stm32f0xx_tim.o(.text) for TIM_SelectOutputTrigger
    dbameter.o(.text) refers to tim.o(.text) for ComputeTimPrescaler
    dbameter.o(.text) refers to dbameter.o(.constdata) for .constdata
    dbameter.o(.text) refers to dbameter.o(.bss) for .bss
    dbameter.o(.text) refers to dbameter.o(.data) for .data
    dbameter.o(.text) refers to stm32f0xx_adc.o(.text) for ADC_GetCalibrationFactor
    dbameter.o(.constdata) refers to dbameter.o(.bss) for AdcSmp
    debug.o(.text) refers to stm32f0xx_rcc.o(.text) for RCC_APB1PeriphClockCmd
    debug.o(.text) refers to stm32f0xx_dbgmcu.o(.text) for DBGMCU_Config
    debug.o(.text) refers to tim.o(.text) for ComputeTimPrescaler
    debug.o(.text) refers to stm32f0xx_tim.o(.text) for TIM_TimeBaseInit
    debug.o(.text) refers to gpiodef.o(.text) for GpioSetup
    debug.o(.text) refers to debug.o(.data) for .data
    debug.o(.text) refers to debug.o(.bss) for .bss
[...]
    IsDebugAcqBufFull                        0x08000e87   Thumb Code    26  debug.o(.text)
    TIM1_CC_IRQHandler                       0x08000ebd   Thumb Code    66  display.o(.text)
    DisplaySetup                             0x08000eff   Thumb Code   312  display.o(.text)
    SetPixel                                 0x08001037   Thumb Code    52  display.o(.text)
    DisplaySetAngle                          0x0800106b   Thumb Code     6  display.o(.text)
    DisplayBlack                             0x08001071   Thumb Code    58  display.o(.text)
    DisplayWhite                             0x080010ab   Thumb Code    60  display.o(.text)
    DisplayWhiteBorders                      0x080010e7   Thumb Code   172  display.o(.text)
    DisplayOn                                0x08001193   Thumb Code    12  display.o(.text)
    DisplayOff                               0x0800119f   Thumb Code    12  display.o(.text)
    DisplayRefresh                           0x080011ab   Thumb Code     8  display.o(.text)
    IsDisplayRefreshed                       0x080011b3   Thumb Code    16  display.o(.text)
    Set16PixelsAngle0                        0x080011c3   Thumb Code   142  display.o(.text)
    SetLocale                                0x08001279   Thumb Code   682  dodisplay.o(.text)
    ShowGreenMe                              0x08001523   Thumb Code    32  dodisplay.o(.text)
    doDisplay                                0x08001e29   Thumb Code   304  dodisplay.o(.text)
    DisplayToggle                            0x08001f59   Thumb Code    80  dodisplay.o(.text)
    DisplaySingleString                      0x08001fa9   Thumb Code    44  dodisplay.o(.text)
    TestDisplay                              0x08001fd5   Thumb Code    54  dodisplay.o(.text)
    EepSetup                                 0x08002011   Thumb Code   118  eep25aa.o(.text)
    EepPageRead                              0x080020d3   Thumb Code   180  eep25aa.o(.text)
    EepPageWrite                             0x08002187   Thumb Code   150  eep25aa.o(.text)
    Filter                                   0x08002229   Thumb Code    52  filters.o(.text)
    TransferFlickerSmp                       0x0800225d   Thumb Code    90  flicker.o(.text)
    Flicker                                  0x080022b7   Thumb Code   134  flicker.o(.text)
    DrawChar                                 0x08002349   Thumb Code   152  font.o(.text)
    GetFont                                  0x08002415   Thumb Code    30  font.o(.text)
    DrawText                                 0x08002433   Thumb Code    88  font.o(.text)
    DrawText180                              0x08002527   Thumb Code    84  font.o(.text)
    DrawMultilineText                        0x0800257b   Thumb Code   262  font.o(.text)
    DrawCharAngle                            0x08002681   Thumb Code   212  font.o(.text)
    DrawTextAngle                            0x08002755   Thumb Code   204  font.o(.text)
    DrawNumber90                             0x08002821   Thumb Code    10  font.o(.text)
    DrawNumber270                            0x0800282b   Thumb Code    12  font.o(.text)
    DrawImageFast                            0x08002837   Thumb Code   138  font.o(.text)
    DrawGear                                 0x080028c1   Thumb Code     2  font.o(.text)
    DrawOK                                   0x080028c3   Thumb Code    20  font.o(.text)
    DrawHappy                                0x080028d7   Thumb Code    20  font.o(.text)
    floatToString                            0x080028eb   Thumb Code   104  font.o(.text)
    HumTempCfg                               0x08002965   Thumb Code    36  hdc1080.o(.text)
    HumTempTask                              0x08002989   Thumb Code   134  hdc1080.o(.text)
    HDC1080Temp                              0x08002a0f   Thumb Code    44  hdc1080.o(.text)
    HDC1080Hygr                              0x08002a3b   Thumb Code    28  hdc1080.o(.text)
    PurgeHumidityStart                       0x08002a57   Thumb Code     8  hdc1080.o(.text)
    PurgeHumidityStop                        0x08002a5f   Thumb Code     8  hdc1080.o(.text)
    TIM6_DAC_IRQHandler                      0x08002a85   Thumb Code   168  i2cstdsensors.o(.text)
    I2CStdSensorsSetup                       0x08002b2d   Thumb Code    74  i2cstdsensors.o(.text)
    eCO2_ppm                                 0x08002b77   Thumb Code     8  i2cstdsensors.o(.text)
    TVoc_ppb                                 0x08002b7f   Thumb Code     8  i2cstdsensors.o(.text)
    Temperaturex100                          0x08002b87   Thumb Code    32  i2cstdsensors.o(.text)
    Hygrometryx100                           0x08002ba7   Thumb Code    26  i2cstdsensors.o(.text)
    Lux                                      0x08002bc1   Thumb Code     8  i2cstdsensors.o(.text)
    CubeOrientation                          0x08002bc9   Thumb Code   208  i2cstdsensors.o(.text)
    CO2Task                                  0x08002cbd   Thumb Code   158  i2cextsensors.o(.text)
    getCO2ppm                                0x08002d5b   Thumb Code     6  i2cextsensors.o(.text)
    isExtSensorMounted                       0x08002d61   Thumb Code    54  i2cextsensors.o(.text)
    ParticleTask                             0x08002d97   Thumb Code   376  i2cextsensors.o(.text)
    GetPmValues                              0x08002f0f   Thumb Code     6  i2cextsensors.o(.text)
    InitializeBoard                          0x08002f41   Thumb Code   456  init.o(.text)
    LuxCfg                                   0x08003195   Thumb Code    14  isl29035.o(.text)
    LuxTask                                  0x080031a3   Thumb Code    74  isl29035.o(.text)
    ISL29035Lux                              0x080031ed   Thumb Code    34  isl29035.o(.text)
    UpdatePoll                               0x0800321d   Thumb Code    86  main.o(.text)
    PrepareMessage                           0x08003273   Thumb Code   202  main.o(.text)
    DoPostResetInit                          0x0800333d   Thumb Code    84  main.o(.text)
    main                                     0x08003391   Thumb Code   424  main.o(.text)
    MakeRadioMessage                         0x08003545   Thumb Code  1100  messaging.o(.text)
    MmaFilter                                0x08003991   Thumb Code    92  mma8453.o(.text)
    MMA8453Cfg                               0x080039ed   Thumb Code    48  mma8453.o(.text)
    MMA8453Task                              0x08003a1d   Thumb Code   104  mma8453.o(.text)
    MMA8453Orientation                       0x08003a85   Thumb Code    64  mma8453.o(.text)
    RadioTask                                0x080041cb   Thumb Code  1088  radio.o(.text)
    isRadioReady                             0x0800460b   Thumb Code     6  radio.o(.text)
    RadioSend                                0x08004611   Thumb Code    28  radio.o(.text)
    HasJoinedNetwork                         0x0800462d   Thumb Code     6  radio.o(.text)
    RadioGetFwVersion                        0x08004633   Thumb Code     6  radio.o(.text)
    Reset_Handler                            0x08004641   Thumb Code     8  startup_stm32f0xx.o(.text)
    SysTick_Handler                          0x08004651   Thumb Code     2  startup_stm32f0xx.o(.text)
    ADC1_COMP_IRQHandler                     0x08004653   Thumb Code     0  startup_stm32f0xx.o(.text)
    CEC_IRQHandler                           0x08004653   Thumb Code     0  startup_stm32f0xx.o(.text)
    DMA1_Channel1_IRQHandler                 0x08004653   Thumb Code     0  startup_stm32f0xx.o(.text)
    DMA1_Channel2_3_IRQHandler               0x08004653   Thumb Code     0  startup_stm32f0xx.o(.text)
    DMA1_Channel4_5_IRQHandler               0x08004653   Thumb Code     0  startup_stm32f0xx.o(.text)
    EXTI0_1_IRQHandler                       0x08004653   Thumb Code     0  startup_stm32f0xx.o(.text)
    EXTI2_3_IRQHandler                       0x08004653   Thumb Code     0  startup_stm32f0xx.o(.text)
    EXTI4_15_IRQHandler                      0x08004653   Thumb Code     0  startup_stm32f0xx.o(.text)
    FLASH_IRQHandler                         0x08004653   Thumb Code     0  startup_stm32f0xx.o(.text)
    I2C1_IRQHandler                          0x08004653   Thumb Code     0  startup_stm32f0xx.o(.text)
    PVD_IRQHandler                           0x08004653   Thumb Code     0  startup_stm32f0xx.o(.text)
    RCC_IRQHandler                           0x08004653   Thumb Code     0  startup_stm32f0xx.o(.text)
    RTC_IRQHandler                           0x08004653   Thumb Code     0  startup_stm32f0xx.o(.text)
    SPI1_IRQHandler                          0x08004653   Thumb Code     0  startup_stm32f0xx.o(.text)
    SPI2_IRQHandler                          0x08004653   Thumb Code     0  startup_stm32f0xx.o(.text)
    TIM14_IRQHandler                         0x08004653   Thumb Code     0  startup_stm32f0xx.o(.text)
    TIM15_IRQHandler                         0x08004653   Thumb Code     0  startup_stm32f0xx.o(.text)
    TIM17_IRQHandler                         0x08004653   Thumb Code     0  startup_stm32f0xx.o(.text)
    TIM1_BRK_UP_TRG_COM_IRQHandler           0x08004653   Thumb Code     0  startup_stm32f0xx.o(.text)
    TIM2_IRQHandler                          0x08004653   Thumb Code     0  startup_stm32f0xx.o(.text)
    TIM3_IRQHandler                          0x08004653   Thumb Code     0  startup_stm32f0xx.o(.text)
    TS_IRQHandler                            0x08004653   Thumb Code     0  startup_stm32f0xx.o(.text)
    USART1_IRQHandler                        0x08004653   Thumb Code     0  startup_stm32f0xx.o(.text)
    WWDG_IRQHandler                          0x08004653   Thumb Code     0  startup_stm32f0xx.o(.text)
    SystemInit                               0x0800465d   Thumb Code   116  system_stm32f0xx.o(.text)
    NMI_Handler                              0x080046d9   Thumb Code     2  stm32f0xx_it.o(.text)
    HardFault_Handler                        0x080046db   Thumb Code     2  stm32f0xx_it.o(.text)
    SVC_Handler                              0x080046dd   Thumb Code     2  stm32f0xx_it.o(.text)
    PendSV_Handler                           0x080046df   Thumb Code     2  stm32f0xx_it.o(.text)
    RCC_DeInit                               0x080046e1   Thumb Code    78  stm32f0xx_rcc.o(.text)
    RCC_HSEConfig                            0x0800472f   Thumb Code    10  stm32f0xx_rcc.o(.text)
    RCC_GetFlagStatus                        0x08004739   Thumb Code    50  stm32f0xx_rcc.o(.text)
    RCC_WaitForHSEStartUp                    0x0800476b   Thumb Code    50  stm32f0xx_rcc.o(.text)
    RCC_AdjustHSICalibrationValue            0x0800479d   Thumb Code    16  stm32f0xx_rcc.o(.text)
    RCC_HSICmd                               0x080047ad   Thumb Code    26  stm32f0xx_rcc.o(.text)
    RCC_AdjustHSI14CalibrationValue          0x080047c7   Thumb Code    16  stm32f0xx_rcc.o(.text)
    RCC_HSI14Cmd                             0x080047d7   Thumb Code    26  stm32f0xx_rcc.o(.text)
    RCC_HSI14ADCRequestCmd                   0x080047f1   Thumb Code    24  stm32f0xx_rcc.o(.text)
    RCC_LSEConfig                            0x08004809   Thumb Code    26  stm32f0xx_rcc.o(.text)
    RCC_LSEDriveConfig                       0x08004823   Thumb Code    18  stm32f0xx_rcc.o(.text)
    RCC_LSICmd                               0x08004835   Thumb Code    26  stm32f0xx_rcc.o(.text)
    RCC_PLLConfig                            0x0800484f   Thumb Code    24  stm32f0xx_rcc.o(.text)
    RCC_PLLCmd                               0x08004867   Thumb Code    26  stm32f0xx_rcc.o(.text)
    RCC_PREDIV1Config                        0x08004881   Thumb Code    14  stm32f0xx_rcc.o(.text)
    RCC_ClockSecuritySystemCmd               0x0800488f   Thumb Code    26  stm32f0xx_rcc.o(.text)
    RCC_MCOConfig                            0x080048a9   Thumb Code     6  stm32f0xx_rcc.o(.text)
    RCC_SYSCLKConfig                         0x080048af   Thumb Code    14  stm32f0xx_rcc.o(.text)
    RCC_GetSYSCLKSource                      0x080048bd   Thumb Code    10  stm32f0xx_rcc.o(.text)
    RCC_HCLKConfig                           0x080048c7   Thumb Code    14  stm32f0xx_rcc.o(.text)
    RCC_PCLKConfig                           0x080048d5   Thumb Code    16  stm32f0xx_rcc.o(.text)
    RCC_ADCCLKConfig                         0x080048e5   Thumb Code    38  stm32f0xx_rcc.o(.text)
    RCC_CECCLKConfig                         0x0800490b   Thumb Code    18  stm32f0xx_rcc.o(.text)
    RCC_I2CCLKConfig                         0x0800491d   Thumb Code    18  stm32f0xx_rcc.o(.text)
    RCC_USARTCLKConfig                       0x0800492f   Thumb Code    18  stm32f0xx_rcc.o(.text)
    RCC_GetClocksFreq                        0x08004941   Thumb Code   234  stm32f0xx_rcc.o(.text)
    RCC_RTCCLKConfig                         0x08004a2b   Thumb Code    10  stm32f0xx_rcc.o(.text)
    RCC_RTCCLKCmd                            0x08004a35   Thumb Code    24  stm32f0xx_rcc.o(.text)
    RCC_BackupResetCmd                       0x08004a4d   Thumb Code    26  stm32f0xx_rcc.o(.text)
    RCC_AHBPeriphClockCmd                    0x08004a67   Thumb Code    22  stm32f0xx_rcc.o(.text)
    RCC_APB2PeriphClockCmd                   0x08004a7d   Thumb Code    22  stm32f0xx_rcc.o(.text)
    RCC_APB1PeriphClockCmd                   0x08004a93   Thumb Code    22  stm32f0xx_rcc.o(.text)
    RCC_AHBPeriphResetCmd                    0x08004aa9   Thumb Code    56  stm32f0xx_rcc.o(.text)
    RCC_APB2PeriphResetCmd                   0x08004ae1   Thumb Code    22  stm32f0xx_rcc.o(.text)
    RCC_APB1PeriphResetCmd                   0x08004af7   Thumb Code    22  stm32f0xx_rcc.o(.text)
    RCC_ITConfig                             0x08004b0d   Thumb Code    22  stm32f0xx_rcc.o(.text)
    RCC_ClearFlag                            0x08004b23   Thumb Code    14  stm32f0xx_rcc.o(.text)
    RCC_GetITStatus                          0x08004b31   Thumb Code    16  stm32f0xx_rcc.o(.text)
    RCC_ClearITPendingBit                    0x08004b41   Thumb Code     6  stm32f0xx_rcc.o(.text)
    NVIC_Init                                0x08004b4d   Thumb Code    72  stm32f0xx_misc.o(.text)
    NVIC_SystemLPConfig                      0x08004b95   Thumb Code    22  stm32f0xx_misc.o(.text)
    SysTick_CLKSourceConfig                  0x08004bab   Thumb Code    24  stm32f0xx_misc.o(.text)
    GPIO_DeInit                              0x08004bd5   Thumb Code   134  stm32f0xx_gpio.o(.text)
    GPIO_Init                                0x08004c5b   Thumb Code   112  stm32f0xx_gpio.o(.text)
    GPIO_StructInit                          0x08004ccb   Thumb Code    18  stm32f0xx_gpio.o(.text)
    GPIO_PinLockConfig                       0x08004cdd   Thumb Code    28  stm32f0xx_gpio.o(.text)
    GPIO_ReadInputDataBit                    0x08004cf9   Thumb Code    14  stm32f0xx_gpio.o(.text)
    GPIO_ReadInputData                       0x08004d07   Thumb Code     4  stm32f0xx_gpio.o(.text)
    GPIO_ReadOutputDataBit                   0x08004d0b   Thumb Code    14  stm32f0xx_gpio.o(.text)
    GPIO_ReadOutputData                      0x08004d19   Thumb Code     4  stm32f0xx_gpio.o(.text)
    GPIO_SetBits                             0x08004d1d   Thumb Code     4  stm32f0xx_gpio.o(.text)
    GPIO_ResetBits                           0x08004d21   Thumb Code     4  stm32f0xx_gpio.o(.text)
    GPIO_WriteBit                            0x08004d25   Thumb Code    12  stm32f0xx_gpio.o(.text)
    GPIO_Write                               0x08004d31   Thumb Code     4  stm32f0xx_gpio.o(.text)
    GPIO_PinAFConfig                         0x08004d35   Thumb Code    32  stm32f0xx_gpio.o(.text)
    IWDG_WriteAccessCmd                      0x08004d69   Thumb Code     6  stm32f0xx_iwdg.o(.text)
    IWDG_SetPrescaler                        0x08004d6f   Thumb Code     6  stm32f0xx_iwdg.o(.text)
    IWDG_SetReload                           0x08004d75   Thumb Code     6  stm32f0xx_iwdg.o(.text)
    IWDG_ReloadCounter                       0x08004d7b   Thumb Code     8  stm32f0xx_iwdg.o(.text)
    IWDG_SetWindowValue                      0x08004d83   Thumb Code     6  stm32f0xx_iwdg.o(.text)
    IWDG_Enable                              0x08004d89   Thumb Code     8  stm32f0xx_iwdg.o(.text)
    IWDG_GetFlagStatus                       0x08004d91   Thumb Code    16  stm32f0xx_iwdg.o(.text)
    DBGMCU_GetREVID                          0x08004dad   Thumb Code     8  stm32f0xx_dbgmcu.o(.text)
    DBGMCU_GetDEVID                          0x08004db5   Thumb Code    10  stm32f0xx_dbgmcu.o(.text)
    DBGMCU_Config                            0x08004dbf   Thumb Code    22  stm32f0xx_dbgmcu.o(.text)
    DBGMCU_APB1PeriphConfig                  0x08004dd5   Thumb Code    22  stm32f0xx_dbgmcu.o(.text)
    DBGMCU_APB2PeriphConfig                  0x08004deb   Thumb Code    22  stm32f0xx_dbgmcu.o(.text)
    USART_DeInit                             0x08004e05   Thumb Code    54  stm32f0xx_usart.o(.text)
    USART_Init                               0x08004e3b   Thumb Code   182  stm32f0xx_usart.o(.text)
    USART_StructInit                         0x08004ef1   Thumb Code    22  stm32f0xx_usart.o(.text)
    USART_ClockInit                          0x08004f07   Thumb Code    30  stm32f0xx_usart.o(.text)
    USART_ClockStructInit                    0x08004f25   Thumb Code    12  stm32f0xx_usart.o(.text)
    USART_Cmd                                0x08004f31   Thumb Code    24  stm32f0xx_usart.o(.text)
    USART_DirectionModeCmd                   0x08004f49   Thumb Code    20  stm32f0xx_usart.o(.text)
    USART_OverSampling8Cmd                   0x08004f5d   Thumb Code    24  stm32f0xx_usart.o(.text)
    USART_OneBitMethodCmd                    0x08004f75   Thumb Code    24  stm32f0xx_usart.o(.text)
    USART_MSBFirstCmd                        0x08004f8d   Thumb Code    24  stm32f0xx_usart.o(.text)
    USART_DataInvCmd                         0x08004fa5   Thumb Code    24  stm32f0xx_usart.o(.text)
    USART_InvPinCmd                          0x08004fbd   Thumb Code    20  stm32f0xx_usart.o(.text)
    USART_SWAPPinCmd                         0x08004fd1   Thumb Code    24  stm32f0xx_usart.o(.text)
    USART_ReceiverTimeOutCmd                 0x08004fe9   Thumb Code    24  stm32f0xx_usart.o(.text)
    USART_SetReceiverTimeOut                 0x08005001   Thumb Code    16  stm32f0xx_usart.o(.text)
    USART_SetPrescaler                       0x08005011   Thumb Code    16  stm32f0xx_usart.o(.text)
    USART_STOPModeCmd                        0x08005021   Thumb Code    22  stm32f0xx_usart.o(.text)
    USART_StopModeWakeUpSourceConfig         0x08005037   Thumb Code    18  stm32f0xx_usart.o(.text)
    USART_AutoBaudRateCmd                    0x08005049   Thumb Code    24  stm32f0xx_usart.o(.text)
    USART_AutoBaudRateConfig                 0x08005061   Thumb Code    18  stm32f0xx_usart.o(.text)
    USART_AutoBaudRateNewRequest             0x08005073   Thumb Code    12  stm32f0xx_usart.o(.text)
    USART_SendData                           0x0800507f   Thumb Code     8  stm32f0xx_usart.o(.text)
    USART_ReceiveData                        0x08005087   Thumb Code     8  stm32f0xx_usart.o(.text)
    USART_SetAddress                         0x0800508f   Thumb Code    18  stm32f0xx_usart.o(.text)
    USART_MuteModeCmd                        0x080050a1   Thumb Code    24  stm32f0xx_usart.o(.text)
    USART_MuteModeWakeUpConfig               0x080050b9   Thumb Code    18  stm32f0xx_usart.o(.text)
    USART_AddressDetectionConfig             0x080050cb   Thumb Code    16  stm32f0xx_usart.o(.text)
    USART_LINBreakDetectLengthConfig         0x080050db   Thumb Code    16  stm32f0xx_usart.o(.text)
    USART_LINCmd                             0x080050eb   Thumb Code    24  stm32f0xx_usart.o(.text)
    USART_HalfDuplexCmd                      0x08005103   Thumb Code    22  stm32f0xx_usart.o(.text)
    USART_SetGuardTime                       0x08005119   Thumb Code    16  stm32f0xx_usart.o(.text)
    USART_SmartCardCmd                       0x08005129   Thumb Code    22  stm32f0xx_usart.o(.text)
    USART_SmartCardNACKCmd                   0x0800513f   Thumb Code    22  stm32f0xx_usart.o(.text)
    USART_SetAutoRetryCount                  0x08005155   Thumb Code    20  stm32f0xx_usart.o(.text)
    USART_SetBlockLength                     0x08005169   Thumb Code    18  stm32f0xx_usart.o(.text)
    USART_IrDAConfig                         0x0800517b   Thumb Code    16  stm32f0xx_usart.o(.text)
    USART_IrDACmd                            0x0800518b   Thumb Code    22  stm32f0xx_usart.o(.text)
    USART_DECmd                              0x080051a1   Thumb Code    24  stm32f0xx_usart.o(.text)
    USART_DEPolarityConfig                   0x080051b9   Thumb Code    18  stm32f0xx_usart.o(.text)
    USART_SetDEAssertionTime                 0x080051cb   Thumb Code    20  stm32f0xx_usart.o(.text)
    USART_SetDEDeassertionTime               0x080051df   Thumb Code    34  stm32f0xx_usart.o(.text)
    USART_DMACmd                             0x08005201   Thumb Code    20  stm32f0xx_usart.o(.text)
    USART_DMAReceptionErrorConfig            0x08005215   Thumb Code    18  stm32f0xx_usart.o(.text)
    USART_ITConfig                           0x08005227   Thumb Code    46  stm32f0xx_usart.o(.text)
    USART_RequestCmd                         0x08005255   Thumb Code    20  stm32f0xx_usart.o(.text)
    USART_OverrunDetectionConfig             0x08005269   Thumb Code    18  stm32f0xx_usart.o(.text)
    USART_GetFlagStatus                      0x0800527b   Thumb Code    14  stm32f0xx_usart.o(.text)
    USART_ClearFlag                          0x08005289   Thumb Code     4  stm32f0xx_usart.o(.text)
    USART_GetITStatus                        0x0800528d   Thumb Code    60  stm32f0xx_usart.o(.text)
    USART_ClearITPendingBit                  0x080052c9   Thumb Code    10  stm32f0xx_usart.o(.text)
    FLASH_SetLatency                         0x080052d5   Thumb Code    14  stm32f0xx_flash.o(.text)
    FLASH_PrefetchBufferCmd                  0x080052e3   Thumb Code    24  stm32f0xx_flash.o(.text)
    FLASH_GetPrefetchBufferStatus            0x080052fb   Thumb Code    14  stm32f0xx_flash.o(.text)
    FLASH_Unlock                             0x08005309   Thumb Code    18  stm32f0xx_flash.o(.text)
    FLASH_Lock                               0x0800531b   Thumb Code    12  stm32f0xx_flash.o(.text)
    FLASH_GetStatus                          0x08005327   Thumb Code    34  stm32f0xx_flash.o(.text)
    FLASH_WaitForLastOperation               0x08005349   Thumb Code    32  stm32f0xx_flash.o(.text)
    FLASH_ErasePage                          0x08005369   Thumb Code    52  stm32f0xx_flash.o(.text)
    FLASH_EraseAllPages                      0x0800539d   Thumb Code    48  stm32f0xx_flash.o(.text)
    FLASH_ProgramWord                        0x080053cd   Thumb Code    82  stm32f0xx_flash.o(.text)
    FLASH_ProgramHalfWord                    0x0800541f   Thumb Code    48  stm32f0xx_flash.o(.text)
    FLASH_OB_Unlock                          0x0800544f   Thumb Code    18  stm32f0xx_flash.o(.text)
    FLASH_OB_Lock                            0x08005461   Thumb Code    12  stm32f0xx_flash.o(.text)
    FLASH_OB_Launch                          0x0800546d   Thumb Code    14  stm32f0xx_flash.o(.text)
    FLASH_OB_GetRDP                          0x0800547b   Thumb Code    16  stm32f0xx_flash.o(.text)
    FLASH_OB_Erase                           0x0800548b   Thumb Code   106  stm32f0xx_flash.o(.text)
    FLASH_OB_EnableWRP                       0x080054f5   Thumb Code    80  stm32f0xx_flash.o(.text)
    FLASH_OB_RDPConfig                       0x08005545   Thumb Code    94  stm32f0xx_flash.o(.text)
    FLASH_OB_UserConfig                      0x080055a3   Thumb Code    62  stm32f0xx_flash.o(.text)
    FLASH_OB_BOOTConfig                      0x080055e1   Thumb Code    54  stm32f0xx_flash.o(.text)
    FLASH_OB_VDDAConfig                      0x08005617   Thumb Code    54  stm32f0xx_flash.o(.text)
    FLASH_OB_SRAMParityConfig                0x0800564d   Thumb Code    54  stm32f0xx_flash.o(.text)
    FLASH_OB_WriteUser                       0x08005683   Thumb Code    70  stm32f0xx_flash.o(.text)
    FLASH_ProgramOptionByteData              0x080056c9   Thumb Code    50  stm32f0xx_flash.o(.text)
    FLASH_OB_GetUser                         0x080056fb   Thumb Code    10  stm32f0xx_flash.o(.text)
    FLASH_OB_GetWRP                          0x08005705   Thumb Code     6  stm32f0xx_flash.o(.text)
    FLASH_ITConfig                           0x0800570b   Thumb Code    22  stm32f0xx_flash.o(.text)
    FLASH_GetFlagStatus                      0x08005721   Thumb Code    16  stm32f0xx_flash.o(.text)
    FLASH_ClearFlag                          0x08005731   Thumb Code     6  stm32f0xx_flash.o(.text)
    TIM_DeInit                               0x0800573d   Thumb Code   206  stm32f0xx_tim.o(.text)
    TIM_TimeBaseInit                         0x0800580b   Thumb Code    88  stm32f0xx_tim.o(.text)
    TIM_TimeBaseStructInit                   0x08005863   Thumb Code    18  stm32f0xx_tim.o(.text)
    TIM_PrescalerConfig                      0x08005875   Thumb Code     6  stm32f0xx_tim.o(.text)
    TIM_CounterModeConfig                    0x0800587b   Thumb Code    12  stm32f0xx_tim.o(.text)
    TIM_SetCounter                           0x08005887   Thumb Code     4  stm32f0xx_tim.o(.text)
    TIM_SetAutoreload                        0x0800588b   Thumb Code     4  stm32f0xx_tim.o(.text)
    TIM_GetCounter                           0x0800588f   Thumb Code     4  stm32f0xx_tim.o(.text)
    TIM_GetPrescaler                         0x08005893   Thumb Code     4  stm32f0xx_tim.o(.text)
    TIM_UpdateDisableConfig                  0x08005897   Thumb Code    22  stm32f0xx_tim.o(.text)
    TIM_UpdateRequestConfig                  0x080058ad   Thumb Code    22  stm32f0xx_tim.o(.text)
    TIM_ARRPreloadConfig                     0x080058c3   Thumb Code    22  stm32f0xx_tim.o(.text)
    TIM_SelectOnePulseMode                   0x080058d9   Thumb Code    16  stm32f0xx_tim.o(.text)
    TIM_SetClockDivision                     0x080058e9   Thumb Code    16  stm32f0xx_tim.o(.text)
    TIM_Cmd                                  0x080058f9   Thumb Code    24  stm32f0xx_tim.o(.text)
    TIM_BDTRConfig                           0x08005911   Thumb Code    34  stm32f0xx_tim.o(.text)
    TIM_BDTRStructInit                       0x08005933   Thumb Code    18  stm32f0xx_tim.o(.text)
    TIM_CtrlPWMOutputs                       0x08005945   Thumb Code    28  stm32f0xx_tim.o(.text)
    TIM_OC1Init                              0x08005961   Thumb Code   108  stm32f0xx_tim.o(.text)
    TIM_OC2Init                              0x080059cd   Thumb Code   118  stm32f0xx_tim.o(.text)
    TIM_OC3Init                              0x08005a43   Thumb Code   114  stm32f0xx_tim.o(.text)
    TIM_OC4Init                              0x08005ab5   Thumb Code    82  stm32f0xx_tim.o(.text)
    TIM_OCStructInit                         0x08005b07   Thumb Code    86  stm32f0xx_tim.o(.text)
    TIM_SelectOCxM                           0x08005b5d   Thumb Code    74  stm32f0xx_tim.o(.text)
    TIM_SetCompare1                          0x08005ba7   Thumb Code     4  stm32f0xx_tim.o(.text)
    TIM_SetCompare2                          0x08005bab   Thumb Code     4  stm32f0xx_tim.o(.text)
    TIM_SetCompare3                          0x08005baf   Thumb Code     4  stm32f0xx_tim.o(.text)
    TIM_SetCompare4                          0x08005bb3   Thumb Code     4  stm32f0xx_tim.o(.text)
    TIM_ForcedOC1Config                      0x08005bb7   Thumb Code    12  stm32f0xx_tim.o(.text)
    TIM_ForcedOC2Config                      0x08005bc3   Thumb Code    14  stm32f0xx_tim.o(.text)
    TIM_ForcedOC3Config                      0x08005bd1   Thumb Code    12  stm32f0xx_tim.o(.text)
    TIM_ForcedOC4Config                      0x08005bdd   Thumb Code    14  stm32f0xx_tim.o(.text)
    TIM_CCPreloadControl                     0x08005beb   Thumb Code    24  stm32f0xx_tim.o(.text)
    TIM_OC1PreloadConfig                     0x08005c03   Thumb Code    12  stm32f0xx_tim.o(.text)
    TIM_OC2PreloadConfig                     0x08005c0f   Thumb Code    14  stm32f0xx_tim.o(.text)
    TIM_OC3PreloadConfig                     0x08005c1d   Thumb Code    12  stm32f0xx_tim.o(.text)
    TIM_OC4PreloadConfig                     0x08005c29   Thumb Code    14  stm32f0xx_tim.o(.text)
    TIM_OC1FastConfig                        0x08005c37   Thumb Code    12  stm32f0xx_tim.o(.text)
    TIM_OC2FastConfig                        0x08005c43   Thumb Code    14  stm32f0xx_tim.o(.text)
    TIM_OC3FastConfig                        0x08005c51   Thumb Code    12  stm32f0xx_tim.o(.text)
    TIM_OC4FastConfig                        0x08005c5d   Thumb Code    14  stm32f0xx_tim.o(.text)
    TIM_ClearOC1Ref                          0x08005c6b   Thumb Code    12  stm32f0xx_tim.o(.text)
    TIM_ClearOC2Ref                          0x08005c77   Thumb Code    14  stm32f0xx_tim.o(.text)
    TIM_ClearOC3Ref                          0x08005c85   Thumb Code    12  stm32f0xx_tim.o(.text)
    TIM_ClearOC4Ref                          0x08005c91   Thumb Code    14  stm32f0xx_tim.o(.text)
    TIM_OC1PolarityConfig                    0x08005c9f   Thumb Code    12  stm32f0xx_tim.o(.text)
    TIM_OC1NPolarityConfig                   0x08005cab   Thumb Code    12  stm32f0xx_tim.o(.text)
    TIM_OC2PolarityConfig                    0x08005cb7   Thumb Code    14  stm32f0xx_tim.o(.text)
    TIM_OC2NPolarityConfig                   0x08005cc5   Thumb Code    14  stm32f0xx_tim.o(.text)
    TIM_OC3PolarityConfig                    0x08005cd3   Thumb Code    14  stm32f0xx_tim.o(.text)
    TIM_OC3NPolarityConfig                   0x08005ce1   Thumb Code    14  stm32f0xx_tim.o(.text)
    TIM_OC4PolarityConfig                    0x08005cef   Thumb Code    14  stm32f0xx_tim.o(.text)
    TIM_SelectOCREFClear                     0x08005cfd   Thumb Code    16  stm32f0xx_tim.o(.text)
    TIM_CCxCmd                               0x08005d0d   Thumb Code    22  stm32f0xx_tim.o(.text)
    TIM_CCxNCmd                              0x08005d23   Thumb Code    22  stm32f0xx_tim.o(.text)
    TIM_SelectCOM                            0x08005d39   Thumb Code    22  stm32f0xx_tim.o(.text)
    TIM_SetIC4Prescaler                      0x08005d4f   Thumb Code    18  stm32f0xx_tim.o(.text)
    TIM_SetIC3Prescaler                      0x08005d8f   Thumb Code    16  stm32f0xx_tim.o(.text)
    TIM_SetIC2Prescaler                      0x08005dcb   Thumb Code    18  stm32f0xx_tim.o(.text)
    TIM_SetIC1Prescaler                      0x08005e07   Thumb Code    16  stm32f0xx_tim.o(.text)
    TIM_ICInit                               0x08005e3f   Thumb Code    90  stm32f0xx_tim.o(.text)
    TIM_ICStructInit                         0x08005e99   Thumb Code    16  stm32f0xx_tim.o(.text)
    TIM_PWMIConfig                           0x08005ea9   Thumb Code   106  stm32f0xx_tim.o(.text)
    TIM_GetCapture1                          0x08005f13   Thumb Code     4  stm32f0xx_tim.o(.text)
    TIM_GetCapture2                          0x08005f17   Thumb Code     4  stm32f0xx_tim.o(.text)
    TIM_GetCapture3                          0x08005f1b   Thumb Code     4  stm32f0xx_tim.o(.text)
    TIM_GetCapture4                          0x08005f1f   Thumb Code     4  stm32f0xx_tim.o(.text)
    TIM_ITConfig                             0x08005f23   Thumb Code    20  stm32f0xx_tim.o(.text)
    TIM_GenerateEvent                        0x08005f37   Thumb Code     4  stm32f0xx_tim.o(.text)
    TIM_GetFlagStatus                        0x08005f3b   Thumb Code    14  stm32f0xx_tim.o(.text)
    TIM_ClearFlag                            0x08005f49   Thumb Code     6  stm32f0xx_tim.o(.text)
    TIM_GetITStatus                          0x08005f4f   Thumb Code    24  stm32f0xx_tim.o(.text)
    TIM_ClearITPendingBit                    0x08005f67   Thumb Code     6  stm32f0xx_tim.o(.text)
    TIM_DMAConfig                            0x08005f6d   Thumb Code     8  stm32f0xx_tim.o(.text)
    TIM_DMACmd                               0x08005f75   Thumb Code    20  stm32f0xx_tim.o(.text)
    TIM_SelectCCDMA                          0x08005f89   Thumb Code    22  stm32f0xx_tim.o(.text)
    TIM_InternalClockConfig                  0x08005f9f   Thumb Code    54  stm32f0xx_tim.o(.text)
    TIM_SelectInputTrigger                   0x08005fd5   Thumb Code    12  stm32f0xx_tim.o(.text)
    TIM_ITRxExternalClockConfig              0x08005fe1   Thumb Code    20  stm32f0xx_tim.o(.text)
    TIM_TIxExternalClockConfig               0x08005ff5   Thumb Code    48  stm32f0xx_tim.o(.text)
    TIM_ETRConfig                            0x08006025   Thumb Code    18  stm32f0xx_tim.o(.text)
    TIM_ETRClockMode1Config                  0x08006037   Thumb Code    30  stm32f0xx_tim.o(.text)
    TIM_ETRClockMode2Config                  0x08006055   Thumb Code    22  stm32f0xx_tim.o(.text)
    TIM_SelectOutputTrigger                  0x0800606b   Thumb Code    16  stm32f0xx_tim.o(.text)
    TIM_SelectSlaveMode                      0x0800607b   Thumb Code    16  stm32f0xx_tim.o(.text)
    TIM_SelectMasterSlaveMode                0x0800608b   Thumb Code    16  stm32f0xx_tim.o(.text)
    TIM_EncoderInterfaceConfig               0x0800609b   Thumb Code    42  stm32f0xx_tim.o(.text)
    TIM_SelectHallSensor                     0x080060c5   Thumb Code    22  stm32f0xx_tim.o(.text)
    TIM_RemapConfig                          0x080060db   Thumb Code     6  stm32f0xx_tim.o(.text)
    DMA_DeInit                               0x080060e5   Thumb Code   116  stm32f0xx_dma.o(.text)
    DMA_Init                                 0x08006159   Thumb Code    56  stm32f0xx_dma.o(.text)
    DMA_StructInit                           0x08006191   Thumb Code    26  stm32f0xx_dma.o(.text)
    DMA_Cmd                                  0x080061ab   Thumb Code    24  stm32f0xx_dma.o(.text)
    DMA_SetCurrDataCounter                   0x080061c3   Thumb Code     4  stm32f0xx_dma.o(.text)
    DMA_GetCurrDataCounter                   0x080061c7   Thumb Code     6  stm32f0xx_dma.o(.text)
    DMA_ITConfig                             0x080061cd   Thumb Code    20  stm32f0xx_dma.o(.text)
    DMA_GetFlagStatus                        0x080061e1   Thumb Code    18  stm32f0xx_dma.o(.text)
    DMA_ClearFlag                            0x080061f3   Thumb Code     8  stm32f0xx_dma.o(.text)
    DMA_GetITStatus                          0x080061fb   Thumb Code    18  stm32f0xx_dma.o(.text)
    DMA_ClearITPendingBit                    0x0800620d   Thumb Code     8  stm32f0xx_dma.o(.text)
    ADC_DeInit                               0x08006221   Thumb Code    28  stm32f0xx_adc.o(.text)
    ADC_Init                                 0x0800623d   Thumb Code    38  stm32f0xx_adc.o(.text)
    ADC_StructInit                           0x08006263   Thumb Code    16  stm32f0xx_adc.o(.text)
    ADC_Cmd                                  0x08006273   Thumb Code    24  stm32f0xx_adc.o(.text)
    ADC_JitterCmd                            0x0800628b   Thumb Code    20  stm32f0xx_adc.o(.text)
    ADC_AutoPowerOffCmd                      0x0800629f   Thumb Code    24  stm32f0xx_adc.o(.text)
    ADC_WaitModeCmd                          0x080062b7   Thumb Code    24  stm32f0xx_adc.o(.text)
    ADC_AnalogWatchdogCmd                    0x080062cf   Thumb Code    24  stm32f0xx_adc.o(.text)
    ADC_AnalogWatchdogThresholdsConfig       0x080062e7   Thumb Code     8  stm32f0xx_adc.o(.text)
    ADC_AnalogWatchdogSingleChannelConfig    0x080062ef   Thumb Code    14  stm32f0xx_adc.o(.text)
    ADC_AnalogWatchdogSingleChannelCmd       0x080062fd   Thumb Code    24  stm32f0xx_adc.o(.text)
    ADC_TempSensorCmd                        0x08006315   Thumb Code    26  stm32f0xx_adc.o(.text)
    ADC_VrefintCmd                           0x0800632f   Thumb Code    26  stm32f0xx_adc.o(.text)
    ADC_VbatCmd                              0x08006349   Thumb Code    26  stm32f0xx_adc.o(.text)
    ADC_ChannelConfig                        0x08006363   Thumb Code    10  stm32f0xx_adc.o(.text)
    ADC_ContinuousModeCmd                    0x0800636d   Thumb Code    24  stm32f0xx_adc.o(.text)
    ADC_DiscModeCmd                          0x08006385   Thumb Code    24  stm32f0xx_adc.o(.text)
    ADC_OverrunModeCmd                       0x0800639d   Thumb Code    24  stm32f0xx_adc.o(.text)
    ADC_GetCalibrationFactor                 0x080063b5   Thumb Code    46  stm32f0xx_adc.o(.text)
    ADC_StopOfConversion                     0x080063e3   Thumb Code    10  stm32f0xx_adc.o(.text)
    ADC_StartOfConversion                    0x080063ed   Thumb Code    10  stm32f0xx_adc.o(.text)
    ADC_GetConversionValue                   0x080063f7   Thumb Code     6  stm32f0xx_adc.o(.text)
    ADC_DMACmd                               0x080063fd   Thumb Code    24  stm32f0xx_adc.o(.text)
    ADC_DMARequestModeConfig                 0x08006415   Thumb Code    16  stm32f0xx_adc.o(.text)
    ADC_ITConfig                             0x08006425   Thumb Code    20  stm32f0xx_adc.o(.text)
    ADC_GetFlagStatus                        0x08006439   Thumb Code    28  stm32f0xx_adc.o(.text)
    ADC_ClearFlag                            0x08006455   Thumb Code     4  stm32f0xx_adc.o(.text)
    ADC_GetITStatus                          0x08006459   Thumb Code    22  stm32f0xx_adc.o(.text)
    ADC_ClearITPendingBit                    0x0800646f   Thumb Code     4  stm32f0xx_adc.o(.text)
    SPI_I2S_DeInit                           0x08006481   Thumb Code    54  stm32f0xx_spi.o(.text)
    SPI_StructInit                           0x080064b7   Thumb Code    28  stm32f0xx_spi.o(.text)
    SPI_Init                                 0x080064d3   Thumb Code    74  stm32f0xx_spi.o(.text)
    I2S_StructInit                           0x0800651d   Thumb Code    18  stm32f0xx_spi.o(.text)
    I2S_Init                                 0x0800652f   Thumb Code   164  stm32f0xx_spi.o(.text)
    SPI_Cmd                                  0x080065d3   Thumb Code    22  stm32f0xx_spi.o(.text)
    SPI_TIModeCmd                            0x080065e9   Thumb Code    22  stm32f0xx_spi.o(.text)
    I2S_Cmd                                  0x080065ff   Thumb Code    26  stm32f0xx_spi.o(.text)
    SPI_DataSizeConfig                       0x08006619   Thumb Code    12  stm32f0xx_spi.o(.text)
    SPI_RxFIFOThresholdConfig                0x08006625   Thumb Code    16  stm32f0xx_spi.o(.text)
    SPI_BiDirectionalLineConfig              0x08006635   Thumb Code    26  stm32f0xx_spi.o(.text)
    SPI_NSSInternalSoftwareConfig            0x0800664f   Thumb Code    26  stm32f0xx_spi.o(.text)
    SPI_SSOutputCmd                          0x08006669   Thumb Code    22  stm32f0xx_spi.o(.text)
    SPI_NSSPulseModeCmd                      0x0800667f   Thumb Code    22  stm32f0xx_spi.o(.text)
    SPI_SendData8                            0x08006695   Thumb Code     4  stm32f0xx_spi.o(.text)
    SPI_I2S_SendData16                       0x08006699   Thumb Code     4  stm32f0xx_spi.o(.text)
    SPI_ReceiveData8                         0x0800669d   Thumb Code     4  stm32f0xx_spi.o(.text)
    SPI_I2S_ReceiveData16                    0x080066a1   Thumb Code     4  stm32f0xx_spi.o(.text)
    SPI_CRCLengthConfig                      0x080066a5   Thumb Code    16  stm32f0xx_spi.o(.text)
    SPI_CalculateCRC                         0x080066b5   Thumb Code    26  stm32f0xx_spi.o(.text)
    SPI_TransmitCRC                          0x080066cf   Thumb Code    12  stm32f0xx_spi.o(.text)
    SPI_GetCRC                               0x080066db   Thumb Code    12  stm32f0xx_spi.o(.text)
    SPI_GetCRCPolynomial                     0x080066e7   Thumb Code     4  stm32f0xx_spi.o(.text)
    SPI_I2S_DMACmd                           0x080066eb   Thumb Code    20  stm32f0xx_spi.o(.text)
    SPI_LastDMATransferCmd                   0x080066ff   Thumb Code    16  stm32f0xx_spi.o(.text)
    SPI_I2S_ITConfig                         0x0800670f   Thumb Code    28  stm32f0xx_spi.o(.text)
    SPI_GetTransmissionFIFOStatus            0x0800672b   Thumb Code    10  stm32f0xx_spi.o(.text)
    SPI_GetReceptionFIFOStatus               0x08006735   Thumb Code    10  stm32f0xx_spi.o(.text)
    SPI_I2S_GetFlagStatus                    0x0800673f   Thumb Code    14  stm32f0xx_spi.o(.text)
    SPI_I2S_ClearFlag                        0x0800674d   Thumb Code     6  stm32f0xx_spi.o(.text)
    SPI_I2S_GetITStatus                      0x08006753   Thumb Code    42  stm32f0xx_spi.o(.text)
    I2C_DeInit                               0x080067a5   Thumb Code    48  stm32f0xx_i2c.o(.text)
    I2C_Init                                 0x080067d5   Thumb Code    92  stm32f0xx_i2c.o(.text)
    I2C_StructInit                           0x08006831   Thumb Code    22  stm32f0xx_i2c.o(.text)
    I2C_Cmd                                  0x08006847   Thumb Code    24  stm32f0xx_i2c.o(.text)
    I2C_SoftwareResetCmd                     0x0800685f   Thumb Code    24  stm32f0xx_i2c.o(.text)
    I2C_ITConfig                             0x08006877   Thumb Code    20  stm32f0xx_i2c.o(.text)
    I2C_StretchClockCmd                      0x0800688b   Thumb Code    24  stm32f0xx_i2c.o(.text)
    I2C_StopModeCmd                          0x080068a3   Thumb Code    24  stm32f0xx_i2c.o(.text)
    I2C_DualAddressCmd                       0x080068bb   Thumb Code    24  stm32f0xx_i2c.o(.text)
    I2C_OwnAddress2Config                    0x080068d3   Thumb Code    24  stm32f0xx_i2c.o(.text)
    I2C_GeneralCallCmd                       0x080068eb   Thumb Code    24  stm32f0xx_i2c.o(.text)
    I2C_SlaveByteControlCmd                  0x08006903   Thumb Code    24  stm32f0xx_i2c.o(.text)
    I2C_SlaveAddressConfig                   0x0800691b   Thumb Code    16  stm32f0xx_i2c.o(.text)
    I2C_10BitAddressingModeCmd               0x0800692b   Thumb Code    24  stm32f0xx_i2c.o(.text)
    I2C_AutoEndCmd                           0x08006943   Thumb Code    24  stm32f0xx_i2c.o(.text)
    I2C_ReloadCmd                            0x0800695b   Thumb Code    24  stm32f0xx_i2c.o(.text)
    I2C_NumberOfBytesConfig                  0x08006973   Thumb Code    16  stm32f0xx_i2c.o(.text)
    I2C_MasterRequestConfig                  0x08006983   Thumb Code    24  stm32f0xx_i2c.o(.text)
    I2C_GenerateSTART                        0x0800699b   Thumb Code    24  stm32f0xx_i2c.o(.text)
    I2C_GenerateSTOP                         0x080069b3   Thumb Code    24  stm32f0xx_i2c.o(.text)
    I2C_10BitAddressHeaderCmd                0x080069cb   Thumb Code    24  stm32f0xx_i2c.o(.text)
    I2C_AcknowledgeConfig                    0x080069e3   Thumb Code    24  stm32f0xx_i2c.o(.text)
    I2C_GetAddressMatched                    0x080069fb   Thumb Code    10  stm32f0xx_i2c.o(.text)
    I2C_GetTransferDirection                 0x08006a05   Thumb Code    20  stm32f0xx_i2c.o(.text)
    I2C_TransferHandling                     0x08006a19   Thumb Code    28  stm32f0xx_i2c.o(.text)
    I2C_SMBusAlertCmd                        0x08006a35   Thumb Code    24  stm32f0xx_i2c.o(.text)
    I2C_ClockTimeoutCmd                      0x08006a4d   Thumb Code    24  stm32f0xx_i2c.o(.text)
    I2C_ExtendedClockTimeoutCmd              0x08006a65   Thumb Code    26  stm32f0xx_i2c.o(.text)
    I2C_IdleClockTimeoutCmd                  0x08006a7f   Thumb Code    24  stm32f0xx_i2c.o(.text)
    I2C_TimeoutAConfig                       0x08006a97   Thumb Code    16  stm32f0xx_i2c.o(.text)
    I2C_TimeoutBConfig                       0x08006aa7   Thumb Code    16  stm32f0xx_i2c.o(.text)
    I2C_CalculatePEC                         0x08006ab7   Thumb Code    24  stm32f0xx_i2c.o(.text)
    I2C_PECRequestCmd                        0x08006acf   Thumb Code    24  stm32f0xx_i2c.o(.text)
    I2C_GetPEC                               0x08006ae7   Thumb Code     6  stm32f0xx_i2c.o(.text)
    I2C_ReadRegister                         0x08006aed   Thumb Code    16  stm32f0xx_i2c.o(.text)
    I2C_SendData                             0x08006afd   Thumb Code     4  stm32f0xx_i2c.o(.text)
    I2C_ReceiveData                          0x08006b01   Thumb Code     6  stm32f0xx_i2c.o(.text)
    I2C_DMACmd                               0x08006b07   Thumb Code    20  stm32f0xx_i2c.o(.text)
    I2C_GetFlagStatus                        0x08006b1b   Thumb Code    16  stm32f0xx_i2c.o(.text)
    I2C_ClearFlag                            0x08006b2b   Thumb Code     4  stm32f0xx_i2c.o(.text)
    I2C_GetITStatus                          0x08006b2f   Thumb Code    16  stm32f0xx_i2c.o(.text)
    I2C_ClearITPendingBit                    0x08006b3f   Thumb Code     4  stm32f0xx_i2c.o(.text)
    GpioSetup                                0x08006b5d   Thumb Code   526  gpiodef.o(.text)
    IsInputOn                                0x08006d6b   Thumb Code    32  gpiodef.o(.text)
    IsInputOff                               0x08006d8b   Thumb Code    32  gpiodef.o(.text)
    OutputSet                                0x08006dab   Thumb Code    22  gpiodef.o(.text)
    OutputReset                              0x08006dc1   Thumb Code    22  gpiodef.o(.text)
    Output                                   0x08006dd7   Thumb Code    30  gpiodef.o(.text)
    OptimalTimPrescaler                      0x08006e09   Thumb Code   104  tim.o(.text)
    ComputeTimPrescaler                      0x08006e71   Thumb Code    96  tim.o(.text)
    TIM16_IRQHandler                         0x08006ed5   Thumb Code    20  time.o(.text)
    usTimerSetup                             0x08006ee9   Thumb Code   132  time.o(.text)
    Waitus                                   0x08006f6d   Thumb Code    30  time.o(.text)
    WaitMs                                   0x08006f8b   Thumb Code    36  time.o(.text)
    GetusTick                                0x08006faf   Thumb Code    22  time.o(.text)
    Elapsed_us                               0x08006fc5   Thumb Code    12  time.o(.text)
    UpdateTime                               0x08006fd1   Thumb Code    62  time.o(.text)
    USART2_IRQHandler                        0x0800702d   Thumb Code   148  uart2.o(.text)
    Uart2RxDataSize                          0x080070c1   Thumb Code     6  uart2.o(.text)
    Uart2StartReception                      0x080070c7   Thumb Code    52  uart2.o(.text)
    Uart2Send                                0x080070fb   Thumb Code    38  uart2.o(.text)
    IsUart2TxComplete                        0x08007121   Thumb Code    16  uart2.o(.text)
    Uart2PurgeRxBuffer                       0x08007131   Thumb Code     8  uart2.o(.text)
    Uart2RxBufPtr                            0x08007139   Thumb Code     4  uart2.o(.text)
    SetWatchdog                              0x08007149   Thumb Code    72  watchdog.o(.text)
    WatchdogRefresh                          0x08007191   Thumb Code     8  watchdog.o(.text)
    I2C1Setup                                0x080071a1   Thumb Code   106  i2c1.o(.text)
    I2C1StartWrite                           0x0800720b   Thumb Code    48  i2c1.o(.text)
    I2C1StartWriteNoStop                     0x0800723b   Thumb Code    48  i2c1.o(.text)
    IsI2C1WriteDone                          0x0800726b   Thumb Code    52  i2c1.o(.text)
    I2C1StartRead                            0x0800729f   Thumb Code    62  i2c1.o(.text)
    I2C1RxDataReady                          0x080072dd   Thumb Code    18  i2c1.o(.text)
    I2C2_IRQHandler                          0x08007305   Thumb Code    46  i2c2.o(.text)
    I2C2Setup                                0x08007333   Thumb Code   136  i2c2.o(.text)
    I2C2StartWrite                           0x080073bb   Thumb Code    56  i2c2.o(.text)
    I2C2StartRead                            0x080073f3   Thumb Code    62  i2c2.o(.text)
    I2CPinSetup                              0x08007441   Thumb Code   140  i2c.o(.text)
    UartSetup                                0x080074d9   Thumb Code   364  uarts.o(.text)
    arm_radix4_butterfly_f32                 0x08007655   Thumb Code   600  arm_cfft_radix4_f32.o(.text)
    arm_radix4_butterfly_inverse_f32         0x080078ad   Thumb Code   964  arm_cfft_radix4_f32.o(.text)
    arm_cfft_radix4_f32                      0x08007c71   Thumb Code    50  arm_cfft_radix4_f32.o(.text)
    arm_cmplx_mag_f32                        0x08007ca3   Thumb Code    70  arm_cmplx_mag_f32.o(.text)
    arm_split_rfft_f32                       0x08007ce9   Thumb Code   290  arm_rfft_f32.o(.text)
    arm_split_rifft_f32                      0x08007e0b   Thumb Code   196  arm_rfft_f32.o(.text)
    arm_rfft_f32                             0x08007ecf   Thumb Code   104  arm_rfft_f32.o(.text)
    arm_rfft_init_f32                        0x08007f39   Thumb Code   116  arm_rfft_init_f32.o(.text)
    arm_bitreversal_f32                      0x08007fb5   Thumb Code   204  arm_bitreversal.o(.text)
    arm_bitreversal_q31                      0x08008081   Thumb Code   206  arm_bitreversal.o(.text)
    arm_bitreversal_q15                      0x0800814f   Thumb Code    98  arm_bitreversal.o(.text)
    arm_cfft_radix4_init_f32                 0x080081b1   Thumb Code    62  arm_cfft_radix4_init_f32.o(.text)
    __aeabi_uidiv                            0x080081f9   Thumb Code     0  uidiv.o(.text)
    __aeabi_uidivmod                         0x080081f9   Thumb Code    44  uidiv.o(.text)
    __aeabi_idiv                             0x08008225   Thumb Code     0  idiv.o(.text)
    __aeabi_idivmod                          0x08008225   Thumb Code    40  idiv.o(.text)
    __aeabi_memcpy                           0x0800824d   Thumb Code    36  memcpya.o(.text)
    __aeabi_memcpy4                          0x0800824d   Thumb Code     0  memcpya.o(.text)
    __aeabi_memcpy8                          0x0800824d   Thumb Code     0  memcpya.o(.text)
    __aeabi_memset                           0x08008271   Thumb Code    14  memseta.o(.text)
    __aeabi_memset4                          0x08008271   Thumb Code     0  memseta.o(.text)
    __aeabi_memset8                          0x08008271   Thumb Code     0  memseta.o(.text)
    __aeabi_memclr                           0x0800827f   Thumb Code     4  memseta.o(.text)
    __aeabi_memclr4                          0x0800827f   Thumb Code     0  memseta.o(.text)
    __aeabi_memclr8                          0x0800827f   Thumb Code     0  memseta.o(.text)
    _memset$wrapper                          0x08008283   Thumb Code    18  memseta.o(.text)
    strlen                                   0x08008295   Thumb Code    14  strlen.o(.text)
    memcmp                                   0x080082a3   Thumb Code    26  memcmp.o(.text)
    __aeabi_uwrite4                          0x080082bd   Thumb Code    18  uwrite4.o(.text)
    __rt_uwrite4                             0x080082bd   Thumb Code     0  uwrite4.o(.text)
    _uwrite4                                 0x080082bd   Thumb Code     0  uwrite4.o(.text)
    __aeabi_fadd                             0x080082cf   Thumb Code   162  fadd.o(.text)
    __aeabi_fsub                             0x08008371   Thumb Code     8  fadd.o(.text)
    __aeabi_frsub                            0x08008379   Thumb Code     8  fadd.o(.text)
    __aeabi_fmul                             0x08008381   Thumb Code   122  fmul.o(.text)
    __aeabi_fdiv                             0x080083fb   Thumb Code   124  fdiv.o(.text)
    __ARM_scalbnf                            0x08008477   Thumb Code    24  fscalb.o(.text)
    scalbnf                                  0x08008477   Thumb Code     0  fscalb.o(.text)
    __aeabi_dadd                             0x08008491   Thumb Code   328  dadd.o(.text)
    __aeabi_dsub                             0x080085d9   Thumb Code    12  dadd.o(.text)
    __aeabi_drsub                            0x080085e5   Thumb Code    12  dadd.o(.text)
    __aeabi_dmul                             0x080085f5   Thumb Code   202  dmul.o(.text)
    __aeabi_ddiv                             0x080086c5   Thumb Code   234  ddiv.o(.text)
    __ARM_scalbn                             0x080087b5   Thumb Code    44  dscalb.o(.text)
    scalbn                                   0x080087b5   Thumb Code     0  dscalb.o(.text)
    __aeabi_i2f                              0x080087e1   Thumb Code    22  fflti.o(.text)
    __aeabi_ui2f                             0x080087f7   Thumb Code    14  ffltui.o(.text)
    __aeabi_i2d                              0x08008805   Thumb Code    34  dflti.o(.text)
    __aeabi_ui2d                             0x0800882d   Thumb Code    24  dfltui.o(.text)
    __aeabi_f2iz                             0x08008849   Thumb Code    50  ffixi.o(.text)
    __aeabi_f2uiz                            0x0800887b   Thumb Code    40  ffixui.o(.text)
    __aeabi_d2uiz                            0x080088a5   Thumb Code    50  dfixui.o(.text)
    __aeabi_f2d                              0x080088e1   Thumb Code    40  f2d.o(.text)
    __aeabi_d2f                              0x08008909   Thumb Code    56  d2f.o(.text)
    __aeabi_cfrcmple                         0x08008941   Thumb Code    20  cfrcmple.o(.text)
    __aeabi_uldivmod                         0x08008955   Thumb Code    96  uldiv.o(.text)
    __aeabi_llsl                             0x080089b5   Thumb Code    32  llshl.o(.text)
    _ll_shift_l                              0x080089b5   Thumb Code     0  llshl.o(.text)
    __aeabi_llsr                             0x080089d5   Thumb Code    34  llushr.o(.text)
    _ll_ushift_r                             0x080089d5   Thumb Code     0  llushr.o(.text)
    __aeabi_lasr                             0x080089f7   Thumb Code    38  llsshr.o(.text)
    _ll_sshift_r                             0x080089f7   Thumb Code     0  llsshr.o(.text)
    __I$use$fp                               0x08008a1d   Thumb Code     0  iusefp.o(.text)
    _float_round                             0x08008a1d   Thumb Code    16  fepilogue.o(.text)
    _float_epilogue                          0x08008a2d   Thumb Code   114  fepilogue.o(.text)
    _fsqrt                                   0x08008a9f   Thumb Code    88  fsqrt.o(.text)
    _double_round                            0x08008af7   Thumb Code    26  depilogue.o(.text)
    _double_epilogue                         0x08008b11   Thumb Code   164  depilogue.o(.text)
    _dsqrt                                   0x08008bb5   Thumb Code   162  dsqrt.o(.text)
    __aeabi_d2ulz                            0x08008c59   Thumb Code    54  dfixul.o(.text)
    __aeabi_cdcmpeq                          0x08008c99   Thumb Code     0  cdcmple.o(.text)
    __aeabi_cdcmple                          0x08008c99   Thumb Code    38  cdcmple.o(.text)
    __aeabi_cdrcmple                         0x08008cc1   Thumb Code    38  cdrcmple.o(.text)
    __scatterload                            0x08008ce9   Thumb Code    28  init.o(.text)
    __scatterload_rt2                        0x08008ce9   Thumb Code     0  init.o(.text)
    __decompress                             0x08008d0d   Thumb Code     0  __dczerorl2.o(.text)
    __decompress1                            0x08008d0d   Thumb Code    86  __dczerorl2.o(.text)
    __0sprintf                               0x08008d65   Thumb Code    36  printfa.o(i.__0sprintf)
    __1sprintf                               0x08008d65   Thumb Code     0  printfa.o(i.__0sprintf)
    __2sprintf                               0x08008d65   Thumb Code     0  printfa.o(i.__0sprintf)
    __c89sprintf                             0x08008d65   Thumb Code     0  printfa.o(i.__0sprintf)
    sprintf                                  0x08008d65   Thumb Code     0  printfa.o(i.__0sprintf)
    __ARM_clz                                0x08008d8d   Thumb Code    46  depilogue.o(i.__ARM_clz)
    __ARM_common_switch8                     0x08008dbb   Thumb Code    26  armn8lw.o(i.__ARM_common_switch8)
    __kernel_poly                            0x08008dd5   Thumb Code   172  poly.o(i.__kernel_poly)
    __mathlib_dbl_divzero                    0x08008e81   Thumb Code    16  dunder.o(i.__mathlib_dbl_divzero)
    __mathlib_dbl_infnan                     0x08008e95   Thumb Code    10  dunder.o(i.__mathlib_dbl_infnan)
    __mathlib_dbl_invalid                    0x08008e9f   Thumb Code    16  dunder.o(i.__mathlib_dbl_invalid)
    __scatterload_copy                       0x08008eaf   Thumb Code    14  handlers.o(i.__scatterload_copy)
    __scatterload_null                       0x08008ebd   Thumb Code     2  handlers.o(i.__scatterload_null)
    __scatterload_zeroinit                   0x08008ebf   Thumb Code    14  handlers.o(i.__scatterload_zeroinit)
    __set_errno                              0x08008ecd   Thumb Code     6  errno.o(i.__set_errno)
    _sqrt                                    0x0800978f   Thumb Code     8  flicker.o(i._sqrt)
    log                                      0x08009799   Thumb Code   790  log.o(i.log)
    sqrt                                     0x08009aed   Thumb Code    66  sqrt.o(i.sqrt)
    sqrtf                                    0x08009b35   Thumb Code    44  sqrtf.o(i.sqrtf)
    I2CTmrIRQCfg                             0x0800dcef   Data           3  i2cstdsensors.o(.constdata)
    Uart1IrqCfg                              0x0800df94   Data           3  uarts.o(.constdata)
    Uart2IrqCfg                              0x0800df97   Data           3  uarts.o(.constdata)
    twiddleCoef                              0x0800e7c4   Data         768  arm_cfft_radix4_init_f32.o(.constdata)
    armBitRevTable                           0x0800eac4   Data          64  arm_cfft_radix4_init_f32.o(.constdata)
    __mathlib_zero                           0x0800eb40   Data           8  qnan.o(.constdata)
    Region$$Table$$Base                      0x0800eb48   Number         0  anon$$obj.o(Region$$Table)
    Region$$Table$$Limit                     0x0800eb68   Number         0  anon$$obj.o(Region$$Table)
    CfgStatus                                0x2000001e   Data           4  cfg.o(.data)
    WhiteVal                                 0x20000028   Data           4  colorsensor.o(.data)
    RedVal                                   0x2000002c   Data           4  colorsensor.o(.data)
    GreenVal                                 0x20000030   Data           4  colorsensor.o(.data)
    BlueVal                                  0x20000034   Data           4  colorsensor.o(.data)
    Sum                                      0x20000038   Data           4  colorsensor.o(.data)
    DebugAcqListPos                          0x20000240   Data           1  debug.o(.data)
    DebugMaxDuration                         0x20000242   Data           2  debug.o(.data)
    alert_showingValue                       0x20000248   Data           1  dodisplay.o(.data)
    tem_labl                                 0x2000024c   Data           4  dodisplay.o(.data)
    tem_unit                                 0x20000250   Data           4  dodisplay.o(.data)
    hum_labl                                 0x20000254   Data           4  dodisplay.o(.data)
    hum_unit                                 0x20000258   Data           4  dodisplay.o(.data)
    noi_labl                                 0x2000025c   Data           4  dodisplay.o(.data)
    noi_unit                                 0x20000260   Data           4  dodisplay.o(.data)
    lux_labl                                 0x20000264   Data           4  dodisplay.o(.data)
    lux_unit                                 0x20000268   Data           4  dodisplay.o(.data)
    air_labl                                 0x2000026c   Data           4  dodisplay.o(.data)
    air_unit                                 0x20000270   Data           4  dodisplay.o(.data)
    co2_labl                                 0x20000274   Data           4  dodisplay.o(.data)
    co2_unit                                 0x20000278   Data           4  dodisplay.o(.data)
    text_thanks                              0x2000027c   Data           4  dodisplay.o(.data)
    text_sent                                0x20000280   Data           4  dodisplay.o(.data)
    text_YES                                 0x20000284   Data           4  dodisplay.o(.data)
    text_NO                                  0x20000288   Data           4  dodisplay.o(.data)
    roboto24                                 0x200002b0   Data          16  font.o(.data)
    roboto24_angle90                         0x200002c0   Data          16  font.o(.data)
    roboto24_angle270                        0x200002d0   Data          16  font.o(.data)
    bigIcons                                 0x200002e0   Data          16  font.o(.data)
    smallIcons                               0x200002f0   Data          16  font.o(.data)
    LuxVal                                   0x20000338   Data           4  isl29035.o(.data)
    lastJoinStatus                           0x2000033c   Data           1  main.o(.data)
    readyToSend                              0x20000356   Data           1  radio.o(.data)
    TmrHigh16                                0x20000390   Data           2  time.o(.data)
    TxDataSize                               0x2000039c   Data           1  i2c1.o(.data)
    TxDataPtr                                0x200003a0   Data           4  i2c1.o(.data)
    RxDataPtr                                0x200003a4   Data           4  i2c2.o(.data)
    RxSize                                   0x200003a8   Data           4  i2c2.o(.data)
    CfgId                                    0x200003b0   Data          16  cfg.o(.bss)
    CfgCalib                                 0x200003c0   Data          16  cfg.o(.bss)
    CfgConfig                                0x200003d0   Data          44  cfg.o(.bss)
    CfgPoll                                  0x200003fc   Data          36  cfg.o(.bss)
    DebugAcqList                             0x20000c40   Data          64  debug.o(.bss)
    avg                                      0x200015a0   Data          32  main.o(.bss)
    __initial_sp                             0x20001b20   Data           0  startup_stm32f0xx.o(STACK)



==============================================================================

Memory Map of the image

  Image Entry point : 0x080000c1

  Load Region LR_IROM1 (Base: 0x08000000, Size: 0x0000ef18, Max: 0x00010000, ABSOLUTE, COMPRESSED[0x0000ede8])

    Execution Region ER_IROM1 (Exec base: 0x08000000, Load base: 0x08000000, Size: 0x0000eb68, Max: 0x00010000, ABSOLUTE)

    Exec Addr    Load Addr    Size         Type   Attr      Idx    E Section Name        Object

    0x08000000   0x08000000   0x000000c0   Data   RO          793    RESET               startup_stm32f0xx.o
    0x080000c0   0x080000c0   0x00000000   Code   RO         1552  * .ARM.Collect$$$$00000000  mc_p.l(entry.o)
    0x080000c0   0x080000c0   0x00000004   Code   RO         1885    .ARM.Collect$$$$00000001  mc_p.l(entry2.o)
    0x080000c4   0x080000c4   0x00000004   Code   RO         1888    .ARM.Collect$$$$00000004  mc_p.l(entry5.o)
    0x080000c8   0x080000c8   0x00000000   Code   RO         1890    .ARM.Collect$$$$00000008  mc_p.l(entry7b.o)
    0x080000c8   0x080000c8   0x00000000   Code   RO         1892    .ARM.Collect$$$$0000000A  mc_p.l(entry8b.o)
    0x080000c8   0x080000c8   0x00000008   Code   RO         1893    .ARM.Collect$$$$0000000B  mc_p.l(entry9a.o)
    0x080000d0   0x080000d0   0x00000000   Code   RO         1895    .ARM.Collect$$$$0000000D  mc_p.l(entry10a.o)
    0x080000d0   0x080000d0   0x00000000   Code   RO         1897    .ARM.Collect$$$$0000000F  mc_p.l(entry11a.o)
    0x080000d0   0x080000d0   0x00000004   Code   RO         1886    .ARM.Collect$$$$00002712  mc_p.l(entry2.o)
    0x080000d4   0x080000d4   0x0000017c   Code   RO            3    .text               armn8lw.o
    0x08000250   0x08000250   0x000000b4   Code   RO          135    .text               averages.o
    0x08000304   0x08000304   0x00000248   Code   RO          158    .text               ccs811.o
    0x0800054c   0x0800054c   0x00000224   Code   RO          249    .text               cfg.o
    0x08000770   0x08000770   0x00000110   Code   RO          284    .text               colorsensor.o
    0x08000880   0x08000880   0x00000060   Code   RO          310    .text               crc.o
    0x080008e0   0x080008e0   0x000004a4   Code   RO          329    .text               dbameter.o
    0x08000d84   0x08000d84   0x00000138   Code   RO          371    .text               debug.o
    0x08000ebc   0x08000ebc   0x000003bc   Code   RO          396    .text               display.o
    0x08001278   0x08001278   0x00000d98   Code   RO          421    .text               dodisplay.o
    0x08002010   0x08002010   0x00000218   Code   RO          458    .text               eep25aa.o
    0x08002228   0x08002228   0x00000034   Code   RO          478    .text               filters.o
    0x0800225c   0x0800225c   0x000000ec   Code   RO          490    .text               flicker.o
    0x08002348   0x08002348   0x0000061c   Code   RO          516    .text               font.o
    0x08002964   0x08002964   0x00000120   Code   RO          550    .text               hdc1080.o
    0x08002a84   0x08002a84   0x00000238   Code   RO          573    .text               i2cstdsensors.o
    0x08002cbc   0x08002cbc   0x00000284   Code   RO          601    .text               i2cextsensors.o
    0x08002f40   0x08002f40   0x00000254   Code   RO          642    .text               init.o
    0x08003194   0x08003194   0x00000088   Code   RO          666    .text               isl29035.o
    0x0800321c   0x0800321c   0x00000328   Code   RO          690    .text               main.o
    0x08003544   0x08003544   0x0000044c   Code   RO          724    .text               messaging.o
    0x08003990   0x08003990   0x0000013c   Code   RO          738    .text               mma8453.o
    0x08003acc   0x08003acc   0x00000b74   Code   RO          761    .text               radio.o
    0x08004640   0x08004640   0x0000001c   Code   RO          794    .text               startup_stm32f0xx.o
    0x0800465c   0x0800465c   0x0000007c   Code   RO          815    .text               system_stm32f0xx.o
    0x080046d8   0x080046d8   0x00000008   Code   RO          842    .text               stm32f0xx_it.o
    0x080046e0   0x080046e0   0x0000046c   Code   RO          865    .text               stm32f0xx_rcc.o
    0x08004b4c   0x08004b4c   0x00000088   Code   RO          887    .text               stm32f0xx_misc.o
    0x08004bd4   0x08004bd4   0x00000194   Code   RO          907    .text               stm32f0xx_gpio.o
    0x08004d68   0x08004d68   0x00000044   Code   RO          967    .text               stm32f0xx_iwdg.o
    0x08004dac   0x08004dac   0x00000058   Code   RO          987    .text               stm32f0xx_dbgmcu.o
    0x08004e04   0x08004e04   0x000004ce   Code   RO         1007    .text               stm32f0xx_usart.o
    0x080052d2   0x080052d2   0x00000002   PAD
    0x080052d4   0x080052d4   0x00000468   Code   RO         1027    .text               stm32f0xx_flash.o
    0x0800573c   0x0800573c   0x000009a8   Code   RO         1047    .text               stm32f0xx_tim.o
    0x080060e4   0x080060e4   0x0000013c   Code   RO         1067    .text               stm32f0xx_dma.o
    0x08006220   0x08006220   0x00000260   Code   RO         1107    .text               stm32f0xx_adc.o
    0x08006480   0x08006480   0x00000324   Code   RO         1127    .text               stm32f0xx_spi.o
    0x080067a4   0x080067a4   0x000003b8   Code   RO         1147    .text               stm32f0xx_i2c.o
    0x08006b5c   0x08006b5c   0x000002ac   Code   RO         1167    .text               gpiodef.o
    0x08006e08   0x08006e08   0x000000cc   Code   RO         1190    .text               tim.o
    0x08006ed4   0x08006ed4   0x00000158   Code   RO         1210    .text               time.o
    0x0800702c   0x0800702c   0x0000011c   Code   RO         1234    .text               uart2.o
    0x08007148   0x08007148   0x00000058   Code   RO         1259    .text               watchdog.o
    0x080071a0   0x080071a0   0x00000164   Code   RO         1279    .text               i2c1.o
    0x08007304   0x08007304   0x0000013c   Code   RO         1306    .text               i2c2.o
    0x08007440   0x08007440   0x00000098   Code   RO         1330    .text               i2c.o
    0x080074d8   0x080074d8   0x0000017c   Code   RO         1352    .text               uarts.o
    0x08007654   0x08007654   0x0000064e   Code   RO         1390    .text               arm_cfft_radix4_f32.o
    0x08007ca2   0x08007ca2   0x00000046   Code   RO         1416    .text               arm_cmplx_mag_f32.o
    0x08007ce8   0x08007ce8   0x0000024e   Code   RO         1439    .text               arm_rfft_f32.o
    0x08007f36   0x08007f36   0x00000002   PAD
    0x08007f38   0x08007f38   0x0000007c   Code   RO         1459    .text               arm_rfft_init_f32.o
    0x08007fb4   0x08007fb4   0x000001fc   Code   RO         1481    .text               arm_bitreversal.o
    0x080081b0   0x080081b0   0x00000048   Code   RO         1505    .text               arm_cfft_radix4_init_f32.o
    0x080081f8   0x080081f8   0x0000002c   Code   RO         1555    .text               mc_p.l(uidiv.o)
    0x08008224   0x08008224   0x00000028   Code   RO         1557    .text               mc_p.l(idiv.o)
    0x0800824c   0x0800824c   0x00000024   Code   RO         1559    .text               mc_p.l(memcpya.o)
    0x08008270   0x08008270   0x00000024   Code   RO         1561    .text               mc_p.l(memseta.o)
    0x08008294   0x08008294   0x0000000e   Code   RO         1563    .text               mc_p.l(strlen.o)
    0x080082a2   0x080082a2   0x0000001a   Code   RO         1565    .text               mc_p.l(memcmp.o)
    0x080082bc   0x080082bc   0x00000012   Code   RO         1830    .text               mc_p.l(uwrite4.o)
    0x080082ce   0x080082ce   0x000000b2   Code   RO         1832    .text               mf_p.l(fadd.o)
    0x08008380   0x08008380   0x0000007a   Code   RO         1834    .text               mf_p.l(fmul.o)
    0x080083fa   0x080083fa   0x0000007c   Code   RO         1836    .text               mf_p.l(fdiv.o)
    0x08008476   0x08008476   0x00000018   Code   RO         1838    .text               mf_p.l(fscalb.o)
    0x0800848e   0x0800848e   0x00000002   PAD
    0x08008490   0x08008490   0x00000164   Code   RO         1840    .text               mf_p.l(dadd.o)
    0x080085f4   0x080085f4   0x000000d0   Code   RO         1842    .text               mf_p.l(dmul.o)
    0x080086c4   0x080086c4   0x000000f0   Code   RO         1844    .text               mf_p.l(ddiv.o)
    0x080087b4   0x080087b4   0x0000002c   Code   RO         1846    .text               mf_p.l(dscalb.o)
    0x080087e0   0x080087e0   0x00000016   Code   RO         1848    .text               mf_p.l(fflti.o)
    0x080087f6   0x080087f6   0x0000000e   Code   RO         1850    .text               mf_p.l(ffltui.o)
    0x08008804   0x08008804   0x00000028   Code   RO         1852    .text               mf_p.l(dflti.o)
    0x0800882c   0x0800882c   0x0000001c   Code   RO         1854    .text               mf_p.l(dfltui.o)
    0x08008848   0x08008848   0x00000032   Code   RO         1856    .text               mf_p.l(ffixi.o)
    0x0800887a   0x0800887a   0x00000028   Code   RO         1858    .text               mf_p.l(ffixui.o)
    0x080088a2   0x080088a2   0x00000002   PAD
    0x080088a4   0x080088a4   0x0000003c   Code   RO         1860    .text               mf_p.l(dfixui.o)
    0x080088e0   0x080088e0   0x00000028   Code   RO         1862    .text               mf_p.l(f2d.o)
    0x08008908   0x08008908   0x00000038   Code   RO         1864    .text               mf_p.l(d2f.o)
    0x08008940   0x08008940   0x00000014   Code   RO         1866    .text               mf_p.l(cfrcmple.o)
    0x08008954   0x08008954   0x00000060   Code   RO         1902    .text               mc_p.l(uldiv.o)
    0x080089b4   0x080089b4   0x00000020   Code   RO         1904    .text               mc_p.l(llshl.o)
    0x080089d4   0x080089d4   0x00000022   Code   RO         1906    .text               mc_p.l(llushr.o)
    0x080089f6   0x080089f6   0x00000026   Code   RO         1908    .text               mc_p.l(llsshr.o)
    0x08008a1c   0x08008a1c   0x00000000   Code   RO         1917    .text               mc_p.l(iusefp.o)
    0x08008a1c   0x08008a1c   0x00000082   Code   RO         1918    .text               mf_p.l(fepilogue.o)
    0x08008a9e   0x08008a9e   0x00000058   Code   RO         1920    .text               mf_p.l(fsqrt.o)
    0x08008af6   0x08008af6   0x000000be   Code   RO         1922    .text               mf_p.l(depilogue.o)
    0x08008bb4   0x08008bb4   0x000000a2   Code   RO         1926    .text               mf_p.l(dsqrt.o)
    0x08008c56   0x08008c56   0x00000002   PAD
    0x08008c58   0x08008c58   0x00000040   Code   RO         1928    .text               mf_p.l(dfixul.o)
    0x08008c98   0x08008c98   0x00000028   Code   RO         1930    .text               mf_p.l(cdcmple.o)
    0x08008cc0   0x08008cc0   0x00000028   Code   RO         1932    .text               mf_p.l(cdrcmple.o)
    0x08008ce8   0x08008ce8   0x00000024   Code   RO         1934    .text               mc_p.l(init.o)
    0x08008d0c   0x08008d0c   0x00000056   Code   RO         1946    .text               mc_p.l(__dczerorl2.o)
    0x08008d62   0x08008d62   0x00000002   PAD
    0x08008d64   0x08008d64   0x00000028   Code   RO         1804    i.__0sprintf        mc_p.l(printfa.o)
    0x08008d8c   0x08008d8c   0x0000002e   Code   RO         1924    i.__ARM_clz         mf_p.l(depilogue.o)
    0x08008dba   0x08008dba   0x0000001a   Code   RO           22    i.__ARM_common_switch8  armn8lw.o
    0x08008dd4   0x08008dd4   0x000000ac   Code   RO         1882    i.__kernel_poly     m_ps.l(poly.o)
    0x08008e80   0x08008e80   0x00000014   Code   RO         1868    i.__mathlib_dbl_divzero  m_ps.l(dunder.o)
    0x08008e94   0x08008e94   0x0000000a   Code   RO         1869    i.__mathlib_dbl_infnan  m_ps.l(dunder.o)
    0x08008e9e   0x08008e9e   0x00000010   Code   RO         1871    i.__mathlib_dbl_invalid  m_ps.l(dunder.o)
    0x08008eae   0x08008eae   0x0000000e   Code   RO         1940    i.__scatterload_copy  mc_p.l(handlers.o)
    0x08008ebc   0x08008ebc   0x00000002   Code   RO         1941    i.__scatterload_null  mc_p.l(handlers.o)
    0x08008ebe   0x08008ebe   0x0000000e   Code   RO         1942    i.__scatterload_zeroinit  mc_p.l(handlers.o)
    0x08008ecc   0x08008ecc   0x0000000c   Code   RO         1912    i.__set_errno       mc_p.l(errno.o)
    0x08008ed8   0x08008ed8   0x00000174   Code   RO         1809    i._fp_digits        mc_p.l(printfa.o)
    0x0800904c   0x0800904c   0x000006ec   Code   RO         1810    i._printf_core      mc_p.l(printfa.o)
    0x08009738   0x08009738   0x00000020   Code   RO         1811    i._printf_post_padding  mc_p.l(printfa.o)
    0x08009758   0x08009758   0x0000002c   Code   RO         1812    i._printf_pre_padding  mc_p.l(printfa.o)
    0x08009784   0x08009784   0x0000000a   Code   RO         1814    i._sputc            mc_p.l(printfa.o)
    0x0800978e   0x0800978e   0x00000008   Code   RO          501    i._sqrt             flicker.o
    0x08009796   0x08009796   0x00000002   PAD
    0x08009798   0x08009798   0x00000354   Code   RO         1527    i.log               m_ps.l(log.o)
    0x08009aec   0x08009aec   0x00000048   Code   RO         1537    i.sqrt              m_ps.l(sqrt.o)
    0x08009b34   0x08009b34   0x0000002c   Code   RO         1545    i.sqrtf             m_ps.l(sqrtf.o)
    0x08009b60   0x08009b60   0x00000005   Data   RO            4    .constdata          armn8lw.o
    0x08009b65   0x08009b65   0x0000000d   Data   RO          159    .constdata          ccs811.o
    0x08009b72   0x08009b72   0x00000005   Data   RO          286    .constdata          colorsensor.o
    0x08009b77   0x08009b77   0x00000001   PAD
    0x08009b78   0x08009b78   0x00000054   Data   RO          331    .constdata          dbameter.o
    0x08009bcc   0x08009bcc   0x00000015   Data   RO          373    .constdata          debug.o
    0x08009be1   0x08009be1   0x00000003   PAD
    0x08009be4   0x08009be4   0x00000098   Data   RO          398    .constdata          display.o
    0x08009c7c   0x08009c7c   0x000002ce   Data   RO          423    .constdata          dodisplay.o
    0x08009f4a   0x08009f4a   0x00000026   Data   RO          459    .constdata          eep25aa.o
    0x08009f70   0x08009f70   0x0000000d   Data   RO          517    .constdata          font.o
    0x08009f7d   0x08009f7d   0x00000680   Data   RO          518    .constdata          font.o
    0x0800a5fd   0x0800a5fd   0x000019b0   Data   RO          519    .constdata          font.o
    0x0800bfad   0x0800bfad   0x00000089   Data   RO          520    .constdata          font.o
    0x0800c036   0x0800c036   0x0000000a   Data   RO          521    .constdata          font.o
    0x0800c040   0x0800c040   0x00000154   Data   RO          522    .constdata          font.o
    0x0800c194   0x0800c194   0x0000000a   Data   RO          523    .constdata          font.o
    0x0800c19e   0x0800c19e   0x00000154   Data   RO          524    .constdata          font.o
    0x0800c2f2   0x0800c2f2   0x00000007   Data   RO          525    .constdata          font.o
    0x0800c2f9   0x0800c2f9   0x0000186c   Data   RO          526    .constdata          font.o
    0x0800db65   0x0800db65   0x00000004   Data   RO          527    .constdata          font.o
    0x0800db69   0x0800db69   0x00000080   Data   RO          528    .constdata          font.o
    0x0800dbe9   0x0800dbe9   0x00000100   Data   RO          529    .constdata          font.o
    0x0800dce9   0x0800dce9   0x00000006   Data   RO          551    .constdata          hdc1080.o
    0x0800dcef   0x0800dcef   0x00000015   Data   RO          574    .constdata          i2cstdsensors.o
    0x0800dd04   0x0800dd04   0x0000000a   Data   RO          603    .constdata          i2cextsensors.o
    0x0800dd0e   0x0800dd0e   0x00000004   Data   RO          667    .constdata          isl29035.o
    0x0800dd12   0x0800dd12   0x00000005   Data   RO          739    .constdata          mma8453.o
    0x0800dd17   0x0800dd17   0x0000011d   Data   RO          763    .constdata          radio.o
    0x0800de34   0x0800de34   0x000000d8   Data   RO         1168    .constdata          gpiodef.o
    0x0800df0c   0x0800df0c   0x00000003   Data   RO         1211    .constdata          time.o
    0x0800df0f   0x0800df0f   0x00000001   PAD
    0x0800df10   0x0800df10   0x0000002c   Data   RO         1280    .constdata          i2c1.o
    0x0800df3c   0x0800df3c   0x00000030   Data   RO         1307    .constdata          i2c2.o
    0x0800df6c   0x0800df6c   0x00000028   Data   RO         1331    .constdata          i2c.o
    0x0800df94   0x0800df94   0x0000002e   Data   RO         1353    .constdata          uarts.o
    0x0800dfc2   0x0800dfc2   0x00000002   PAD
    0x0800dfc4   0x0800dfc4   0x00000800   Data   RO         1460    .constdata          arm_rfft_init_f32.o
    0x0800e7c4   0x0800e7c4   0x00000340   Data   RO         1506    .constdata          arm_cfft_radix4_init_f32.o
    0x0800eb04   0x0800eb04   0x00000004   PAD
    0x0800eb08   0x0800eb08   0x00000038   Data   RO         1528    .constdata          m_ps.l(log.o)
    0x0800eb40   0x0800eb40   0x00000008   Data   RO         1884    .constdata          m_ps.l(qnan.o)
    0x0800eb48   0x0800eb48   0x00000020   Data   RO         1938    Region$$Table       anon$$obj.o


    Execution Region RW_IRAM1 (Exec base: 0x20000000, Load base: 0x0800eb68, Size: 0x00001b20, Max: 0x00002000, ABSOLUTE, COMPRESSED[0x00000280])

    Exec Addr    Load Addr    Size         Type   Attr      Idx    E Section Name        Object

    0x20000000   COMPRESSED   0x00000001   Data   RW            5    .data               armn8lw.o
    0x20000001   COMPRESSED   0x00000003   PAD
    0x20000004   COMPRESSED   0x00000015   Data   RW          160    .data               ccs811.o
    0x20000019   COMPRESSED   0x00000009   Data   RW          252    .data               cfg.o
    0x20000022   COMPRESSED   0x00000002   PAD
    0x20000024   COMPRESSED   0x00000018   Data   RW          287    .data               colorsensor.o
    0x2000003c   COMPRESSED   0x00000200   Data   RW          311    .data               crc.o
    0x2000023c   COMPRESSED   0x00000004   Data   RW          332    .data               dbameter.o
    0x20000240   COMPRESSED   0x00000004   Data   RW          374    .data               debug.o
    0x20000244   COMPRESSED   0x00000002   Data   RW          399    .data               display.o
    0x20000246   COMPRESSED   0x00000002   PAD
    0x20000248   COMPRESSED   0x00000044   Data   RW          426    .data               dodisplay.o
    0x2000028c   COMPRESSED   0x00000014   Data   RW          491    .data               flicker.o
    0x200002a0   COMPRESSED   0x00000060   Data   RW          530    .data               font.o
    0x20000300   COMPRESSED   0x00000014   Data   RW          552    .data               hdc1080.o
    0x20000314   COMPRESSED   0x00000004   Data   RW          575    .data               i2cstdsensors.o
    0x20000318   COMPRESSED   0x0000001c   Data   RW          604    .data               i2cextsensors.o
    0x20000334   COMPRESSED   0x00000008   Data   RW          668    .data               isl29035.o
    0x2000033c   COMPRESSED   0x00000001   Data   RW          692    .data               main.o
    0x2000033d   COMPRESSED   0x00000001   PAD
    0x2000033e   COMPRESSED   0x00000011   Data   RW          740    .data               mma8453.o
    0x2000034f   COMPRESSED   0x00000001   PAD
    0x20000350   COMPRESSED   0x00000018   Data   RW          764    .data               radio.o
    0x20000368   COMPRESSED   0x00000010   Data   RW          866    .data               stm32f0xx_rcc.o
    0x20000378   COMPRESSED   0x00000018   Data   RW         1169    .data               gpiodef.o
    0x20000390   COMPRESSED   0x00000002   Data   RW         1212    .data               time.o
    0x20000392   COMPRESSED   0x00000002   PAD
    0x20000394   COMPRESSED   0x00000008   Data   RW         1236    .data               uart2.o
    0x2000039c   COMPRESSED   0x00000008   Data   RW         1281    .data               i2c1.o
    0x200003a4   COMPRESSED   0x00000008   Data   RW         1308    .data               i2c2.o
    0x200003ac   COMPRESSED   0x00000004   Data   RW         1913    .data               mc_p.l(errno.o)
    0x200003b0        -       0x00000070   Zero   RW          251    .bss                cfg.o
    0x20000420        -       0x0000000a   Zero   RW          285    .bss                colorsensor.o
    0x2000042a   COMPRESSED   0x00000002   PAD
    0x2000042c        -       0x00000814   Zero   RW          330    .bss                dbameter.o
    0x20000c40        -       0x00000040   Zero   RW          372    .bss                debug.o
    0x20000c80        -       0x00000902   Zero   RW          397    .bss                display.o
    0x20001582   COMPRESSED   0x00000002   PAD
    0x20001584        -       0x0000001c   Zero   RW          602    .bss                i2cextsensors.o
    0x200015a0        -       0x00000020   Zero   RW          691    .bss                main.o
    0x200015c0        -       0x00000060   Zero   RW          762    .bss                radio.o
    0x20001620        -       0x000000fe   Zero   RW         1235    .bss                uart2.o
    0x2000171e   COMPRESSED   0x00000002   PAD
    0x20001720        -       0x00000400   Zero   RW          791    STACK               startup_stm32f0xx.o


==============================================================================

Image component sizes


      Code (inc. data)   RO Data    RW Data    ZI Data      Debug   Object Name

       508          0          0          0          0       2282   arm_bitreversal.o
      1614          0          0          0          0      16772   arm_cfft_radix4_f32.o
        72         10        832          0          0       1296   arm_cfft_radix4_init_f32.o
        70          0          0          0          0      14020   arm_cmplx_mag_f32.o
       590          0          0          0          0       2486   arm_rfft_f32.o
       124          8       2048          0          0       1320   arm_rfft_init_f32.o
       406         24          5          1          0     162442   armn8lw.o
       180          6          0          0          0       2921   averages.o
       584         18         13         21          0      97709   ccs811.o
       548          8          0          9        112       5818   cfg.o
       272         12          5         24         10       2930   colorsensor.o
        96         12          0        512          0       1445   crc.o
      1188         84         84          4       2068      19476   dbameter.o
       312         28         21          4         64       2505   debug.o
       956         40        152          2       2306       4666   display.o
      3480        156        718         68          0      12638   dodisplay.o
       536         12         38          0          0       2760   eep25aa.o
        52          0          0          0          0        673   filters.o
       244         12          0         20          0       2421   flicker.o
      1564         30      15737         96          0       9785   font.o
       684         40        216         24          0       3258   gpiodef.o
       288         30          6         20          0       2102   hdc1080.o
       152         12         40          0          0       1402   i2c.o
       356         22         44          8          0       2713   i2c1.o
       316         16         48          8          0       2200   i2c2.o
       644         44         10         28         28       3092   i2cextsensors.o
       568         36         21          4          0       3413   i2cstdsensors.o
       596        140          0          0          0       1762   init.o
       136         14          4          8          0       1894   isl29035.o
       808         12          0          1         32       3094   main.o
      1100          4          0          0          0       2275   messaging.o
       316          8          5         17          0       3266   mma8453.o
      2932         36        285         24         96      10620   radio.o
        28          8        192          0       1024        580   startup_stm32f0xx.o
       608         14          0          0          0       7251   stm32f0xx_adc.o
        88          4          0          0          0       1340   stm32f0xx_dbgmcu.o
       316         12          0          0          0       3702   stm32f0xx_dma.o
      1128         22          0          0          0       7944   stm32f0xx_flash.o
       404         20          0          0          0       3889   stm32f0xx_gpio.o
       952         26          0          0          0      10482   stm32f0xx_i2c.o
         8          0          0          0          0        655   stm32f0xx_it.o
        68         12          0          0          0       1461   stm32f0xx_iwdg.o
       136         18          0          0          0       1472   stm32f0xx_misc.o
      1132         40          0         16          0       9054   stm32f0xx_rcc.o
       804         40          0          0          0       8183   stm32f0xx_spi.o
      2472        114          0          0          0      23981   stm32f0xx_tim.o
      1230         14          0          0          0      12799   stm32f0xx_usart.o
       124          8          0          0          0        477   system_stm32f0xx.o
       204          4          0          0          0       1538   tim.o
       344         30          3          2          0       2658   time.o
       284         12          0          8        254       2447   uart2.o
       380         16         46          0          0      86478   uarts.o
        88          8          0          0          0        718   watchdog.o

    ----------------------------------------------------------------------
     33096       1296      20616        940       6000     594565   Object Totals
         0          0         32          0          0          0   (incl. Generated)
         6          0         11         11          6          0   (incl. Padding)

    ----------------------------------------------------------------------

      Code (inc. data)   RO Data    RW Data    ZI Data      Debug   Library Member Name

        46          4          0          0          0        204   dunder.o
       852         62         56          0          0        136   log.o
       172          0          0          0          0         76   poly.o
         0          0          8          0          0          0   qnan.o
        72          6          0          0          0         76   sqrt.o
        44          0          0          0          0         72   sqrtf.o
        86          0          0          0          0          0   __dczerorl2.o
         0          0          0          0          0          0   entry.o
         0          0          0          0          0          0   entry10a.o
         0          0          0          0          0          0   entry11a.o
         8          4          0          0          0          0   entry2.o
         4          0          0          0          0          0   entry5.o
         0          0          0          0          0          0   entry7b.o
         0          0          0          0          0          0   entry8b.o
         8          4          0          0          0          0   entry9a.o
        12          6          0          4          0         60   errno.o
        30          0          0          0          0          0   handlers.o
        40          0          0          0          0         72   idiv.o
        36          8          0          0          0         68   init.o
         0          0          0          0          0          0   iusefp.o
        32          0          0          0          0         68   llshl.o
        38          0          0          0          0         68   llsshr.o
        34          0          0          0          0         68   llushr.o
        26          0          0          0          0         72   memcmp.o
        36          0          0          0          0         60   memcpya.o
        36          0          0          0          0        100   memseta.o
      2270         94          0          0          0        472   printfa.o
        14          0          0          0          0         60   strlen.o
        44          0          0          0          0         72   uidiv.o
        96          0          0          0          0         84   uldiv.o
        18          0          0          0          0         60   uwrite4.o
        40          2          0          0          0         68   cdcmple.o
        40          2          0          0          0         68   cdrcmple.o
        20          0          0          0          0         68   cfrcmple.o
        56          0          0          0          0         68   d2f.o
       356          4          0          0          0        140   dadd.o
       240          6          0          0          0         84   ddiv.o
       236          0          0          0          0        216   depilogue.o
        60         10          0          0          0         68   dfixui.o
        64         10          0          0          0         68   dfixul.o
        40          6          0          0          0         68   dflti.o
        28          4          0          0          0         68   dfltui.o
       208          6          0          0          0         88   dmul.o
        44          0          0          0          0         72   dscalb.o
       162          0          0          0          0         80   dsqrt.o
        40          0          0          0          0         60   f2d.o
       178          0          0          0          0        108   fadd.o
       124          0          0          0          0         72   fdiv.o
       130          0          0          0          0        144   fepilogue.o
        50          0          0          0          0         60   ffixi.o
        40          0          0          0          0         60   ffixui.o
        22          0          0          0          0         68   fflti.o
        14          0          0          0          0         68   ffltui.o
       122          0          0          0          0         72   fmul.o
        24          0          0          0          0         60   fscalb.o
        88          0          0          0          0         72   fsqrt.o

    ----------------------------------------------------------------------
      6488        238         64          4          0       4016   Library Totals
         8          0          0          0          0          0   (incl. Padding)

    ----------------------------------------------------------------------

      Code (inc. data)   RO Data    RW Data    ZI Data      Debug   Library Name

      1186         72         64          0          0        564   m_ps.l
      2868        116          0          4          0       1384   mc_p.l
      2426         50          0          0          0       2068   mf_p.l

    ----------------------------------------------------------------------
      6488        238         64          4          0       4016   Library Totals

    ----------------------------------------------------------------------

==============================================================================


      Code (inc. data)   RO Data    RW Data    ZI Data      Debug   

     39584       1534      20680        944       6000     592269   Grand Totals
     39584       1534      20680        640       6000     592269   ELF Image Totals (compressed)
     39584       1534      20680        640          0          0   ROM Totals

==============================================================================

    Total RO  Size (Code + RO Data)                60264 (  58.85kB)
    Total RW  Size (RW Data + ZI Data)              6944 (   6.78kB)
    Total ROM Size (Code + RO Data + RW Data)      60904 (  59.48kB)

==============================================================================

